---
http_interactions:
- request:
    method: post
    uri: https://api.stripe.com/v1/customers
    body:
      encoding: UTF-8
      string: email=student526%40example.com
    headers:
      Accept:
      - "*/*"
      Accept-Encoding:
      - gzip, deflate
      User-Agent:
      - Stripe/v1 RubyBindings/1.58.0
      Authorization:
      - Bearer <STRIPE_API_KEY>
      Content-Type:
      - application/x-www-form-urlencoded
      Stripe-Version:
      - '2016-02-03'
      X-Stripe-Client-User-Agent:
      - '{"bindings_version":"1.58.0","lang":"ruby","lang_version":"2.4.1 p111 (2017-03-22)","platform":"x86_64-darwin15","engine":"ruby","publisher":"stripe","uname":"Darwin
        server-pdx 15.6.0 Darwin Kernel Version 15.6.0: Mon Oct  2 22:20:08 PDT 2017;
        root:xnu-3248.71.4~1/RELEASE_X86_64 x86_64","hostname":"server-pdx"}'
      Content-Length:
      - '30'
      Host:
      - api.stripe.com
  response:
    status:
      code: 200
      message: OK
    headers:
      Server:
      - nginx
      Date:
      - Wed, 29 Nov 2017 02:06:44 GMT
      Content-Type:
      - application/json
      Content-Length:
      - '872'
      Connection:
      - keep-alive
      Access-Control-Allow-Credentials:
      - 'true'
      Access-Control-Allow-Methods:
      - GET, POST, HEAD, OPTIONS, DELETE
      Access-Control-Allow-Origin:
      - "*"
      Access-Control-Expose-Headers:
      - X-Stripe-Privileged-Session-Required,stripe-manage-version,X-Stripe-External-Auth-Required
      Access-Control-Max-Age:
      - '300'
      Cache-Control:
      - no-cache, no-store
      Request-Id:
      - req_6NcbtcRgItADVa
      Stripe-Version:
      - '2016-02-03'
      Strict-Transport-Security:
      - max-age=31556926; includeSubDomains; preload
    body:
      encoding: UTF-8
      string: |
        {
          "id": "cus_Br34nCRZv5Rg5K",
          "object": "customer",
          "account_balance": 0,
          "bank_accounts": {
            "object": "list",
            "data": [],
            "has_more": false,
            "total_count": 0,
            "url": "/v1/customers/cus_Br34nCRZv5Rg5K/bank_accounts"
          },
          "created": 1511921204,
          "currency": null,
          "default_bank_account": null,
          "default_source": null,
          "delinquent": false,
          "description": null,
          "discount": null,
          "email": "student526@example.com",
          "livemode": false,
          "metadata": {},
          "shipping": null,
          "sources": {
            "object": "list",
            "data": [],
            "has_more": false,
            "total_count": 0,
            "url": "/v1/customers/cus_Br34nCRZv5Rg5K/sources"
          },
          "subscriptions": {
            "object": "list",
            "data": [],
            "has_more": false,
            "total_count": 0,
            "url": "/v1/customers/cus_Br34nCRZv5Rg5K/subscriptions"
          },
          "default_source_type": null
        }
    http_version: 
  recorded_at: Wed, 29 Nov 2017 02:06:44 GMT
- request:
    method: post
    uri: https://api.stripe.com/v1/customers/cus_Br34nCRZv5Rg5K/sources
    body:
      encoding: UTF-8
      string: source[object]=card&source[number]=4242424242424242&source[exp_month]=12&source[exp_year]=2020&source[cvc]=123
    headers:
      Accept:
      - "*/*"
      Accept-Encoding:
      - gzip, deflate
      User-Agent:
      - Stripe/v1 RubyBindings/1.58.0
      Authorization:
      - Bearer <STRIPE_API_KEY>
      Content-Type:
      - application/x-www-form-urlencoded
      Stripe-Version:
      - '2016-02-03'
      X-Stripe-Client-User-Agent:
      - '{"bindings_version":"1.58.0","lang":"ruby","lang_version":"2.4.1 p111 (2017-03-22)","platform":"x86_64-darwin15","engine":"ruby","publisher":"stripe","uname":"Darwin
        server-pdx 15.6.0 Darwin Kernel Version 15.6.0: Mon Oct  2 22:20:08 PDT 2017;
        root:xnu-3248.71.4~1/RELEASE_X86_64 x86_64","hostname":"server-pdx"}'
      Content-Length:
      - '110'
      Host:
      - api.stripe.com
  response:
    status:
      code: 200
      message: OK
    headers:
      Server:
      - nginx
      Date:
      - Wed, 29 Nov 2017 02:06:45 GMT
      Content-Type:
      - application/json
      Content-Length:
      - '568'
      Connection:
      - keep-alive
      Access-Control-Allow-Credentials:
      - 'true'
      Access-Control-Allow-Methods:
      - GET, POST, HEAD, OPTIONS, DELETE
      Access-Control-Allow-Origin:
      - "*"
      Access-Control-Expose-Headers:
      - X-Stripe-Privileged-Session-Required,stripe-manage-version,X-Stripe-External-Auth-Required
      Access-Control-Max-Age:
      - '300'
      Cache-Control:
      - no-cache, no-store
      Request-Id:
      - req_bHFB2KinTkvfXG
      Stripe-Version:
      - '2016-02-03'
      Strict-Transport-Security:
      - max-age=31556926; includeSubDomains; preload
    body:
      encoding: UTF-8
      string: |
        {
          "id": "card_Br34aI3YOQjA52",
          "object": "card",
          "address_city": null,
          "address_country": null,
          "address_line1": null,
          "address_line1_check": null,
          "address_line2": null,
          "address_state": null,
          "address_zip": null,
          "address_zip_check": null,
          "brand": "Visa",
          "country": "US",
          "customer": "cus_Br34nCRZv5Rg5K",
          "cvc_check": "pass",
          "dynamic_last4": null,
          "exp_month": 12,
          "exp_year": 2020,
          "fingerprint": "B5I5Hkz6r7cWlvfb",
          "funding": "credit",
          "last4": "4242",
          "metadata": {},
          "name": null,
          "tokenization_method": null
        }
    http_version: 
  recorded_at: Wed, 29 Nov 2017 02:06:45 GMT
- request:
    method: get
    uri: https://api.stripe.com/v1/customers/cus_Br34nCRZv5Rg5K
    body:
      encoding: US-ASCII
      string: ''
    headers:
      Accept:
      - "*/*"
      Accept-Encoding:
      - gzip, deflate
      User-Agent:
      - Stripe/v1 RubyBindings/1.58.0
      Authorization:
      - Bearer <STRIPE_API_KEY>
      Content-Type:
      - application/x-www-form-urlencoded
      Stripe-Version:
      - '2016-02-03'
      X-Stripe-Client-User-Agent:
      - '{"bindings_version":"1.58.0","lang":"ruby","lang_version":"2.4.1 p111 (2017-03-22)","platform":"x86_64-darwin15","engine":"ruby","publisher":"stripe","uname":"Darwin
        server-pdx 15.6.0 Darwin Kernel Version 15.6.0: Mon Oct  2 22:20:08 PDT 2017;
        root:xnu-3248.71.4~1/RELEASE_X86_64 x86_64","hostname":"server-pdx"}'
      Host:
      - api.stripe.com
  response:
    status:
      code: 200
      message: OK
    headers:
      Server:
      - nginx
      Date:
      - Wed, 29 Nov 2017 02:06:46 GMT
      Content-Type:
      - application/json
      Content-Length:
      - '1614'
      Connection:
      - keep-alive
      Access-Control-Allow-Credentials:
      - 'true'
      Access-Control-Allow-Methods:
      - GET, POST, HEAD, OPTIONS, DELETE
      Access-Control-Allow-Origin:
      - "*"
      Access-Control-Expose-Headers:
      - X-Stripe-Privileged-Session-Required,stripe-manage-version,X-Stripe-External-Auth-Required
      Access-Control-Max-Age:
      - '300'
      Cache-Control:
      - no-cache, no-store
      Request-Id:
      - req_vr8P5D5Mg3YX8l
      Stripe-Version:
      - '2016-02-03'
      Strict-Transport-Security:
      - max-age=31556926; includeSubDomains; preload
    body:
      encoding: UTF-8
      string: |
        {
          "id": "cus_Br34nCRZv5Rg5K",
          "object": "customer",
          "account_balance": 0,
          "bank_accounts": {
            "object": "list",
            "data": [],
            "has_more": false,
            "total_count": 0,
            "url": "/v1/customers/cus_Br34nCRZv5Rg5K/bank_accounts"
          },
          "created": 1511921204,
          "currency": null,
          "default_bank_account": null,
          "default_source": "card_Br34aI3YOQjA52",
          "delinquent": false,
          "description": null,
          "discount": null,
          "email": "student526@example.com",
          "livemode": false,
          "metadata": {},
          "shipping": null,
          "sources": {
            "object": "list",
            "data": [
              {
                "id": "card_Br34aI3YOQjA52",
                "object": "card",
                "address_city": null,
                "address_country": null,
                "address_line1": null,
                "address_line1_check": null,
                "address_line2": null,
                "address_state": null,
                "address_zip": null,
                "address_zip_check": null,
                "brand": "Visa",
                "country": "US",
                "customer": "cus_Br34nCRZv5Rg5K",
                "cvc_check": "pass",
                "dynamic_last4": null,
                "exp_month": 12,
                "exp_year": 2020,
                "fingerprint": "B5I5Hkz6r7cWlvfb",
                "funding": "credit",
                "last4": "4242",
                "metadata": {},
                "name": null,
                "tokenization_method": null
              }
            ],
            "has_more": false,
            "total_count": 1,
            "url": "/v1/customers/cus_Br34nCRZv5Rg5K/sources"
          },
          "subscriptions": {
            "object": "list",
            "data": [],
            "has_more": false,
            "total_count": 0,
            "url": "/v1/customers/cus_Br34nCRZv5Rg5K/subscriptions"
          },
          "default_source_type": "card"
        }
    http_version: 
  recorded_at: Wed, 29 Nov 2017 02:06:46 GMT
- request:
    method: get
    uri: https://api.stripe.com/v1/customers/cus_Br34nCRZv5Rg5K/sources/card_Br34aI3YOQjA52
    body:
      encoding: US-ASCII
      string: ''
    headers:
      Accept:
      - "*/*"
      Accept-Encoding:
      - gzip, deflate
      User-Agent:
      - Stripe/v1 RubyBindings/1.58.0
      Authorization:
      - Bearer <STRIPE_API_KEY>
      Content-Type:
      - application/x-www-form-urlencoded
      Stripe-Version:
      - '2016-02-03'
      X-Stripe-Client-User-Agent:
      - '{"bindings_version":"1.58.0","lang":"ruby","lang_version":"2.4.1 p111 (2017-03-22)","platform":"x86_64-darwin15","engine":"ruby","publisher":"stripe","uname":"Darwin
        server-pdx 15.6.0 Darwin Kernel Version 15.6.0: Mon Oct  2 22:20:08 PDT 2017;
        root:xnu-3248.71.4~1/RELEASE_X86_64 x86_64","hostname":"server-pdx"}'
      Host:
      - api.stripe.com
  response:
    status:
      code: 200
      message: OK
    headers:
      Server:
      - nginx
      Date:
      - Wed, 29 Nov 2017 02:06:46 GMT
      Content-Type:
      - application/json
      Content-Length:
      - '568'
      Connection:
      - keep-alive
      Access-Control-Allow-Credentials:
      - 'true'
      Access-Control-Allow-Methods:
      - GET, POST, HEAD, OPTIONS, DELETE
      Access-Control-Allow-Origin:
      - "*"
      Access-Control-Expose-Headers:
      - X-Stripe-Privileged-Session-Required,stripe-manage-version,X-Stripe-External-Auth-Required
      Access-Control-Max-Age:
      - '300'
      Cache-Control:
      - no-cache, no-store
      Request-Id:
      - req_EpQ3BQk4PH8lq4
      Stripe-Version:
      - '2016-02-03'
      Strict-Transport-Security:
      - max-age=31556926; includeSubDomains; preload
    body:
      encoding: UTF-8
      string: |
        {
          "id": "card_Br34aI3YOQjA52",
          "object": "card",
          "address_city": null,
          "address_country": null,
          "address_line1": null,
          "address_line1_check": null,
          "address_line2": null,
          "address_state": null,
          "address_zip": null,
          "address_zip_check": null,
          "brand": "Visa",
          "country": "US",
          "customer": "cus_Br34nCRZv5Rg5K",
          "cvc_check": "pass",
          "dynamic_last4": null,
          "exp_month": 12,
          "exp_year": 2020,
          "fingerprint": "B5I5Hkz6r7cWlvfb",
          "funding": "credit",
          "last4": "4242",
          "metadata": {},
          "name": null,
          "tokenization_method": null
        }
    http_version: 
  recorded_at: Wed, 29 Nov 2017 02:06:46 GMT
- request:
    method: get
    uri: https://api.stripe.com/v1/customers/cus_Br34nCRZv5Rg5K
    body:
      encoding: US-ASCII
      string: ''
    headers:
      Accept:
      - "*/*"
      Accept-Encoding:
      - gzip, deflate
      User-Agent:
      - Stripe/v1 RubyBindings/1.58.0
      Authorization:
      - Bearer <STRIPE_API_KEY>
      Content-Type:
      - application/x-www-form-urlencoded
      Stripe-Version:
      - '2016-02-03'
      X-Stripe-Client-User-Agent:
      - '{"bindings_version":"1.58.0","lang":"ruby","lang_version":"2.4.1 p111 (2017-03-22)","platform":"x86_64-darwin15","engine":"ruby","publisher":"stripe","uname":"Darwin
        server-pdx 15.6.0 Darwin Kernel Version 15.6.0: Mon Oct  2 22:20:08 PDT 2017;
        root:xnu-3248.71.4~1/RELEASE_X86_64 x86_64","hostname":"server-pdx"}'
      Host:
      - api.stripe.com
  response:
    status:
      code: 200
      message: OK
    headers:
      Server:
      - nginx
      Date:
      - Wed, 29 Nov 2017 02:06:46 GMT
      Content-Type:
      - application/json
      Content-Length:
      - '1614'
      Connection:
      - keep-alive
      Access-Control-Allow-Credentials:
      - 'true'
      Access-Control-Allow-Methods:
      - GET, POST, HEAD, OPTIONS, DELETE
      Access-Control-Allow-Origin:
      - "*"
      Access-Control-Expose-Headers:
      - X-Stripe-Privileged-Session-Required,stripe-manage-version,X-Stripe-External-Auth-Required
      Access-Control-Max-Age:
      - '300'
      Cache-Control:
      - no-cache, no-store
      Request-Id:
      - req_zNNlNTv7blpdbO
      Stripe-Version:
      - '2016-02-03'
      Strict-Transport-Security:
      - max-age=31556926; includeSubDomains; preload
    body:
      encoding: UTF-8
      string: |
        {
          "id": "cus_Br34nCRZv5Rg5K",
          "object": "customer",
          "account_balance": 0,
          "bank_accounts": {
            "object": "list",
            "data": [],
            "has_more": false,
            "total_count": 0,
            "url": "/v1/customers/cus_Br34nCRZv5Rg5K/bank_accounts"
          },
          "created": 1511921204,
          "currency": null,
          "default_bank_account": null,
          "default_source": "card_Br34aI3YOQjA52",
          "delinquent": false,
          "description": null,
          "discount": null,
          "email": "student526@example.com",
          "livemode": false,
          "metadata": {},
          "shipping": null,
          "sources": {
            "object": "list",
            "data": [
              {
                "id": "card_Br34aI3YOQjA52",
                "object": "card",
                "address_city": null,
                "address_country": null,
                "address_line1": null,
                "address_line1_check": null,
                "address_line2": null,
                "address_state": null,
                "address_zip": null,
                "address_zip_check": null,
                "brand": "Visa",
                "country": "US",
                "customer": "cus_Br34nCRZv5Rg5K",
                "cvc_check": "pass",
                "dynamic_last4": null,
                "exp_month": 12,
                "exp_year": 2020,
                "fingerprint": "B5I5Hkz6r7cWlvfb",
                "funding": "credit",
                "last4": "4242",
                "metadata": {},
                "name": null,
                "tokenization_method": null
              }
            ],
            "has_more": false,
            "total_count": 1,
            "url": "/v1/customers/cus_Br34nCRZv5Rg5K/sources"
          },
          "subscriptions": {
            "object": "list",
            "data": [],
            "has_more": false,
            "total_count": 0,
            "url": "/v1/customers/cus_Br34nCRZv5Rg5K/subscriptions"
          },
          "default_source_type": "card"
        }
    http_version: 
  recorded_at: Wed, 29 Nov 2017 02:06:46 GMT
- request:
    method: post
    uri: https://api.stripe.com/v1/customers/cus_Br34nCRZv5Rg5K/sources
    body:
      encoding: UTF-8
      string: source[object]=bank_account&source[country]=US&source[account_number]=000123456789&source[routing_number]=110000000
    headers:
      Accept:
      - "*/*"
      Accept-Encoding:
      - gzip, deflate
      User-Agent:
      - Stripe/v1 RubyBindings/1.58.0
      Authorization:
      - Bearer <STRIPE_API_KEY>
      Content-Type:
      - application/x-www-form-urlencoded
      Stripe-Version:
      - '2016-02-03'
      X-Stripe-Client-User-Agent:
      - '{"bindings_version":"1.58.0","lang":"ruby","lang_version":"2.4.1 p111 (2017-03-22)","platform":"x86_64-darwin15","engine":"ruby","publisher":"stripe","uname":"Darwin
        server-pdx 15.6.0 Darwin Kernel Version 15.6.0: Mon Oct  2 22:20:08 PDT 2017;
        root:xnu-3248.71.4~1/RELEASE_X86_64 x86_64","hostname":"server-pdx"}'
      Content-Length:
      - '115'
      Host:
      - api.stripe.com
  response:
    status:
      code: 200
      message: OK
    headers:
      Server:
      - nginx
      Date:
      - Wed, 29 Nov 2017 02:06:47 GMT
      Content-Type:
      - application/json
      Content-Length:
      - '375'
      Connection:
      - keep-alive
      Access-Control-Allow-Credentials:
      - 'true'
      Access-Control-Allow-Methods:
      - GET, POST, HEAD, OPTIONS, DELETE
      Access-Control-Allow-Origin:
      - "*"
      Access-Control-Expose-Headers:
      - X-Stripe-Privileged-Session-Required,stripe-manage-version,X-Stripe-External-Auth-Required
      Access-Control-Max-Age:
      - '300'
      Cache-Control:
      - no-cache, no-store
      Request-Id:
      - req_lJELYVaN62q8ul
      Stripe-Version:
      - '2016-02-03'
      Strict-Transport-Security:
      - max-age=31556926; includeSubDomains; preload
    body:
      encoding: UTF-8
      string: |
        {
          "id": "ba_Br34o9nO9mXncN",
          "object": "bank_account",
          "account_holder_name": null,
          "account_holder_type": null,
          "bank_name": "STRIPE TEST BANK",
          "country": "US",
          "currency": "usd",
          "customer": "cus_Br34nCRZv5Rg5K",
          "fingerprint": "qw2YdYDmIJUuNi9w",
          "last4": "6789",
          "metadata": {},
          "routing_number": "110000000",
          "status": "new",
          "name": null
        }
    http_version: 
  recorded_at: Wed, 29 Nov 2017 02:06:47 GMT
- request:
    method: get
    uri: https://api.stripe.com/v1/customers/cus_Br34nCRZv5Rg5K
    body:
      encoding: US-ASCII
      string: ''
    headers:
      Accept:
      - "*/*"
      Accept-Encoding:
      - gzip, deflate
      User-Agent:
      - Stripe/v1 RubyBindings/1.58.0
      Authorization:
      - Bearer <STRIPE_API_KEY>
      Content-Type:
      - application/x-www-form-urlencoded
      Stripe-Version:
      - '2016-02-03'
      X-Stripe-Client-User-Agent:
      - '{"bindings_version":"1.58.0","lang":"ruby","lang_version":"2.4.1 p111 (2017-03-22)","platform":"x86_64-darwin15","engine":"ruby","publisher":"stripe","uname":"Darwin
        server-pdx 15.6.0 Darwin Kernel Version 15.6.0: Mon Oct  2 22:20:08 PDT 2017;
        root:xnu-3248.71.4~1/RELEASE_X86_64 x86_64","hostname":"server-pdx"}'
      Host:
      - api.stripe.com
  response:
    status:
      code: 200
      message: OK
    headers:
      Server:
      - nginx
      Date:
      - Wed, 29 Nov 2017 02:06:47 GMT
      Content-Type:
      - application/json
      Content-Length:
      - '2562'
      Connection:
      - keep-alive
      Access-Control-Allow-Credentials:
      - 'true'
      Access-Control-Allow-Methods:
      - GET, POST, HEAD, OPTIONS, DELETE
      Access-Control-Allow-Origin:
      - "*"
      Access-Control-Expose-Headers:
      - X-Stripe-Privileged-Session-Required,stripe-manage-version,X-Stripe-External-Auth-Required
      Access-Control-Max-Age:
      - '300'
      Cache-Control:
      - no-cache, no-store
      Request-Id:
      - req_E9U7k12DKXjhFz
      Stripe-Version:
      - '2016-02-03'
      Strict-Transport-Security:
      - max-age=31556926; includeSubDomains; preload
    body:
      encoding: UTF-8
      string: |
        {
          "id": "cus_Br34nCRZv5Rg5K",
          "object": "customer",
          "account_balance": 0,
          "bank_accounts": {
            "object": "list",
            "data": [
              {
                "id": "ba_Br34o9nO9mXncN",
                "object": "bank_account",
                "account_holder_name": null,
                "account_holder_type": null,
                "bank_name": "STRIPE TEST BANK",
                "country": "US",
                "currency": "usd",
                "customer": "cus_Br34nCRZv5Rg5K",
                "fingerprint": "qw2YdYDmIJUuNi9w",
                "last4": "6789",
                "metadata": {},
                "routing_number": "110000000",
                "status": "new",
                "name": null
              }
            ],
            "has_more": false,
            "total_count": 1,
            "url": "/v1/customers/cus_Br34nCRZv5Rg5K/bank_accounts"
          },
          "created": 1511921204,
          "currency": null,
          "default_bank_account": null,
          "default_source": "card_Br34aI3YOQjA52",
          "delinquent": false,
          "description": null,
          "discount": null,
          "email": "student526@example.com",
          "livemode": false,
          "metadata": {},
          "shipping": null,
          "sources": {
            "object": "list",
            "data": [
              {
                "id": "card_Br34aI3YOQjA52",
                "object": "card",
                "address_city": null,
                "address_country": null,
                "address_line1": null,
                "address_line1_check": null,
                "address_line2": null,
                "address_state": null,
                "address_zip": null,
                "address_zip_check": null,
                "brand": "Visa",
                "country": "US",
                "customer": "cus_Br34nCRZv5Rg5K",
                "cvc_check": "pass",
                "dynamic_last4": null,
                "exp_month": 12,
                "exp_year": 2020,
                "fingerprint": "B5I5Hkz6r7cWlvfb",
                "funding": "credit",
                "last4": "4242",
                "metadata": {},
                "name": null,
                "tokenization_method": null
              },
              {
                "id": "ba_Br34o9nO9mXncN",
                "object": "bank_account",
                "account_holder_name": null,
                "account_holder_type": null,
                "bank_name": "STRIPE TEST BANK",
                "country": "US",
                "currency": "usd",
                "customer": "cus_Br34nCRZv5Rg5K",
                "fingerprint": "qw2YdYDmIJUuNi9w",
                "last4": "6789",
                "metadata": {},
                "routing_number": "110000000",
                "status": "new",
                "name": null
              }
            ],
            "has_more": false,
            "total_count": 2,
            "url": "/v1/customers/cus_Br34nCRZv5Rg5K/sources"
          },
          "subscriptions": {
            "object": "list",
            "data": [],
            "has_more": false,
            "total_count": 0,
            "url": "/v1/customers/cus_Br34nCRZv5Rg5K/subscriptions"
          },
          "default_source_type": "card"
        }
    http_version: 
  recorded_at: Wed, 29 Nov 2017 02:06:47 GMT
- request:
    method: get
    uri: https://api.stripe.com/v1/customers/cus_Br34nCRZv5Rg5K/sources/ba_Br34o9nO9mXncN
    body:
      encoding: US-ASCII
      string: ''
    headers:
      Accept:
      - "*/*"
      Accept-Encoding:
      - gzip, deflate
      User-Agent:
      - Stripe/v1 RubyBindings/1.58.0
      Authorization:
      - Bearer <STRIPE_API_KEY>
      Content-Type:
      - application/x-www-form-urlencoded
      Stripe-Version:
      - '2016-02-03'
      X-Stripe-Client-User-Agent:
      - '{"bindings_version":"1.58.0","lang":"ruby","lang_version":"2.4.1 p111 (2017-03-22)","platform":"x86_64-darwin15","engine":"ruby","publisher":"stripe","uname":"Darwin
        server-pdx 15.6.0 Darwin Kernel Version 15.6.0: Mon Oct  2 22:20:08 PDT 2017;
        root:xnu-3248.71.4~1/RELEASE_X86_64 x86_64","hostname":"server-pdx"}'
      Host:
      - api.stripe.com
  response:
    status:
      code: 200
      message: OK
    headers:
      Server:
      - nginx
      Date:
      - Wed, 29 Nov 2017 02:06:47 GMT
      Content-Type:
      - application/json
      Content-Length:
      - '375'
      Connection:
      - keep-alive
      Access-Control-Allow-Credentials:
      - 'true'
      Access-Control-Allow-Methods:
      - GET, POST, HEAD, OPTIONS, DELETE
      Access-Control-Allow-Origin:
      - "*"
      Access-Control-Expose-Headers:
      - X-Stripe-Privileged-Session-Required,stripe-manage-version,X-Stripe-External-Auth-Required
      Access-Control-Max-Age:
      - '300'
      Cache-Control:
      - no-cache, no-store
      Request-Id:
      - req_WdkZMxdMsAabph
      Stripe-Version:
      - '2016-02-03'
      Strict-Transport-Security:
      - max-age=31556926; includeSubDomains; preload
    body:
      encoding: UTF-8
      string: |
        {
          "id": "ba_Br34o9nO9mXncN",
          "object": "bank_account",
          "account_holder_name": null,
          "account_holder_type": null,
          "bank_name": "STRIPE TEST BANK",
          "country": "US",
          "currency": "usd",
          "customer": "cus_Br34nCRZv5Rg5K",
          "fingerprint": "qw2YdYDmIJUuNi9w",
          "last4": "6789",
          "metadata": {},
          "routing_number": "110000000",
          "status": "new",
          "name": null
        }
    http_version: 
  recorded_at: Wed, 29 Nov 2017 02:06:47 GMT
- request:
    method: get
    uri: https://api.stripe.com/v1/customers/cus_Br34nCRZv5Rg5K
    body:
      encoding: US-ASCII
      string: ''
    headers:
      Accept:
      - "*/*"
      Accept-Encoding:
      - gzip, deflate
      User-Agent:
      - Stripe/v1 RubyBindings/1.58.0
      Authorization:
      - Bearer <STRIPE_API_KEY>
      Content-Type:
      - application/x-www-form-urlencoded
      Stripe-Version:
      - '2016-02-03'
      X-Stripe-Client-User-Agent:
      - '{"bindings_version":"1.58.0","lang":"ruby","lang_version":"2.4.1 p111 (2017-03-22)","platform":"x86_64-darwin15","engine":"ruby","publisher":"stripe","uname":"Darwin
        server-pdx 15.6.0 Darwin Kernel Version 15.6.0: Mon Oct  2 22:20:08 PDT 2017;
        root:xnu-3248.71.4~1/RELEASE_X86_64 x86_64","hostname":"server-pdx"}'
      Host:
      - api.stripe.com
  response:
    status:
      code: 200
      message: OK
    headers:
      Server:
      - nginx
      Date:
      - Wed, 29 Nov 2017 02:06:48 GMT
      Content-Type:
      - application/json
      Content-Length:
      - '2562'
      Connection:
      - keep-alive
      Access-Control-Allow-Credentials:
      - 'true'
      Access-Control-Allow-Methods:
      - GET, POST, HEAD, OPTIONS, DELETE
      Access-Control-Allow-Origin:
      - "*"
      Access-Control-Expose-Headers:
      - X-Stripe-Privileged-Session-Required,stripe-manage-version,X-Stripe-External-Auth-Required
      Access-Control-Max-Age:
      - '300'
      Cache-Control:
      - no-cache, no-store
      Request-Id:
      - req_4XkNUJpxFjXGRr
      Stripe-Version:
      - '2016-02-03'
      Strict-Transport-Security:
      - max-age=31556926; includeSubDomains; preload
    body:
      encoding: UTF-8
      string: |
        {
          "id": "cus_Br34nCRZv5Rg5K",
          "object": "customer",
          "account_balance": 0,
          "bank_accounts": {
            "object": "list",
            "data": [
              {
                "id": "ba_Br34o9nO9mXncN",
                "object": "bank_account",
                "account_holder_name": null,
                "account_holder_type": null,
                "bank_name": "STRIPE TEST BANK",
                "country": "US",
                "currency": "usd",
                "customer": "cus_Br34nCRZv5Rg5K",
                "fingerprint": "qw2YdYDmIJUuNi9w",
                "last4": "6789",
                "metadata": {},
                "routing_number": "110000000",
                "status": "new",
                "name": null
              }
            ],
            "has_more": false,
            "total_count": 1,
            "url": "/v1/customers/cus_Br34nCRZv5Rg5K/bank_accounts"
          },
          "created": 1511921204,
          "currency": null,
          "default_bank_account": null,
          "default_source": "card_Br34aI3YOQjA52",
          "delinquent": false,
          "description": null,
          "discount": null,
          "email": "student526@example.com",
          "livemode": false,
          "metadata": {},
          "shipping": null,
          "sources": {
            "object": "list",
            "data": [
              {
                "id": "card_Br34aI3YOQjA52",
                "object": "card",
                "address_city": null,
                "address_country": null,
                "address_line1": null,
                "address_line1_check": null,
                "address_line2": null,
                "address_state": null,
                "address_zip": null,
                "address_zip_check": null,
                "brand": "Visa",
                "country": "US",
                "customer": "cus_Br34nCRZv5Rg5K",
                "cvc_check": "pass",
                "dynamic_last4": null,
                "exp_month": 12,
                "exp_year": 2020,
                "fingerprint": "B5I5Hkz6r7cWlvfb",
                "funding": "credit",
                "last4": "4242",
                "metadata": {},
                "name": null,
                "tokenization_method": null
              },
              {
                "id": "ba_Br34o9nO9mXncN",
                "object": "bank_account",
                "account_holder_name": null,
                "account_holder_type": null,
                "bank_name": "STRIPE TEST BANK",
                "country": "US",
                "currency": "usd",
                "customer": "cus_Br34nCRZv5Rg5K",
                "fingerprint": "qw2YdYDmIJUuNi9w",
                "last4": "6789",
                "metadata": {},
                "routing_number": "110000000",
                "status": "new",
                "name": null
              }
            ],
            "has_more": false,
            "total_count": 2,
            "url": "/v1/customers/cus_Br34nCRZv5Rg5K/sources"
          },
          "subscriptions": {
            "object": "list",
            "data": [],
            "has_more": false,
            "total_count": 0,
            "url": "/v1/customers/cus_Br34nCRZv5Rg5K/subscriptions"
          },
          "default_source_type": "card"
        }
    http_version: 
  recorded_at: Wed, 29 Nov 2017 02:06:48 GMT
- request:
    method: post
    uri: https://api.stripe.com/v1/customers/cus_Br34nCRZv5Rg5K/sources
    body:
      encoding: UTF-8
      string: source[object]=card&source[number]=4242424242424242&source[exp_month]=12&source[exp_year]=2020&source[cvc]=123
    headers:
      Accept:
      - "*/*"
      Accept-Encoding:
      - gzip, deflate
      User-Agent:
      - Stripe/v1 RubyBindings/1.58.0
      Authorization:
      - Bearer <STRIPE_API_KEY>
      Content-Type:
      - application/x-www-form-urlencoded
      Stripe-Version:
      - '2016-02-03'
      X-Stripe-Client-User-Agent:
      - '{"bindings_version":"1.58.0","lang":"ruby","lang_version":"2.4.1 p111 (2017-03-22)","platform":"x86_64-darwin15","engine":"ruby","publisher":"stripe","uname":"Darwin
        server-pdx 15.6.0 Darwin Kernel Version 15.6.0: Mon Oct  2 22:20:08 PDT 2017;
        root:xnu-3248.71.4~1/RELEASE_X86_64 x86_64","hostname":"server-pdx"}'
      Content-Length:
      - '110'
      Host:
      - api.stripe.com
  response:
    status:
      code: 200
      message: OK
    headers:
      Server:
      - nginx
      Date:
      - Wed, 29 Nov 2017 02:06:48 GMT
      Content-Type:
      - application/json
      Content-Length:
      - '568'
      Connection:
      - keep-alive
      Access-Control-Allow-Credentials:
      - 'true'
      Access-Control-Allow-Methods:
      - GET, POST, HEAD, OPTIONS, DELETE
      Access-Control-Allow-Origin:
      - "*"
      Access-Control-Expose-Headers:
      - X-Stripe-Privileged-Session-Required,stripe-manage-version,X-Stripe-External-Auth-Required
      Access-Control-Max-Age:
      - '300'
      Cache-Control:
      - no-cache, no-store
      Request-Id:
      - req_GHdoqhx8m7ityN
      Stripe-Version:
      - '2016-02-03'
      Strict-Transport-Security:
      - max-age=31556926; includeSubDomains; preload
    body:
      encoding: UTF-8
      string: |
        {
          "id": "card_Br34m7bz0x3FUz",
          "object": "card",
          "address_city": null,
          "address_country": null,
          "address_line1": null,
          "address_line1_check": null,
          "address_line2": null,
          "address_state": null,
          "address_zip": null,
          "address_zip_check": null,
          "brand": "Visa",
          "country": "US",
          "customer": "cus_Br34nCRZv5Rg5K",
          "cvc_check": "pass",
          "dynamic_last4": null,
          "exp_month": 12,
          "exp_year": 2020,
          "fingerprint": "B5I5Hkz6r7cWlvfb",
          "funding": "credit",
          "last4": "4242",
          "metadata": {},
          "name": null,
          "tokenization_method": null
        }
    http_version: 
  recorded_at: Wed, 29 Nov 2017 02:06:48 GMT
- request:
    method: get
    uri: https://api.stripe.com/v1/customers/cus_Br34nCRZv5Rg5K
    body:
      encoding: US-ASCII
      string: ''
    headers:
      Accept:
      - "*/*"
      Accept-Encoding:
      - gzip, deflate
      User-Agent:
      - Stripe/v1 RubyBindings/1.58.0
      Authorization:
      - Bearer <STRIPE_API_KEY>
      Content-Type:
      - application/x-www-form-urlencoded
      Stripe-Version:
      - '2016-02-03'
      X-Stripe-Client-User-Agent:
      - '{"bindings_version":"1.58.0","lang":"ruby","lang_version":"2.4.1 p111 (2017-03-22)","platform":"x86_64-darwin15","engine":"ruby","publisher":"stripe","uname":"Darwin
        server-pdx 15.6.0 Darwin Kernel Version 15.6.0: Mon Oct  2 22:20:08 PDT 2017;
        root:xnu-3248.71.4~1/RELEASE_X86_64 x86_64","hostname":"server-pdx"}'
      Host:
      - api.stripe.com
  response:
    status:
      code: 200
      message: OK
    headers:
      Server:
      - nginx
      Date:
      - Wed, 29 Nov 2017 02:06:49 GMT
      Content-Type:
      - application/json
      Content-Length:
      - '3281'
      Connection:
      - keep-alive
      Access-Control-Allow-Credentials:
      - 'true'
      Access-Control-Allow-Methods:
      - GET, POST, HEAD, OPTIONS, DELETE
      Access-Control-Allow-Origin:
      - "*"
      Access-Control-Expose-Headers:
      - X-Stripe-Privileged-Session-Required,stripe-manage-version,X-Stripe-External-Auth-Required
      Access-Control-Max-Age:
      - '300'
      Cache-Control:
      - no-cache, no-store
      Request-Id:
      - req_12qsJobBJzRRFM
      Stripe-Version:
      - '2016-02-03'
      Strict-Transport-Security:
      - max-age=31556926; includeSubDomains; preload
    body:
      encoding: UTF-8
      string: |
        {
          "id": "cus_Br34nCRZv5Rg5K",
          "object": "customer",
          "account_balance": 0,
          "bank_accounts": {
            "object": "list",
            "data": [
              {
                "id": "ba_Br34o9nO9mXncN",
                "object": "bank_account",
                "account_holder_name": null,
                "account_holder_type": null,
                "bank_name": "STRIPE TEST BANK",
                "country": "US",
                "currency": "usd",
                "customer": "cus_Br34nCRZv5Rg5K",
                "fingerprint": "qw2YdYDmIJUuNi9w",
                "last4": "6789",
                "metadata": {},
                "routing_number": "110000000",
                "status": "new",
                "name": null
              }
            ],
            "has_more": false,
            "total_count": 1,
            "url": "/v1/customers/cus_Br34nCRZv5Rg5K/bank_accounts"
          },
          "created": 1511921204,
          "currency": null,
          "default_bank_account": null,
          "default_source": "card_Br34aI3YOQjA52",
          "delinquent": false,
          "description": null,
          "discount": null,
          "email": "student526@example.com",
          "livemode": false,
          "metadata": {},
          "shipping": null,
          "sources": {
            "object": "list",
            "data": [
              {
                "id": "card_Br34aI3YOQjA52",
                "object": "card",
                "address_city": null,
                "address_country": null,
                "address_line1": null,
                "address_line1_check": null,
                "address_line2": null,
                "address_state": null,
                "address_zip": null,
                "address_zip_check": null,
                "brand": "Visa",
                "country": "US",
                "customer": "cus_Br34nCRZv5Rg5K",
                "cvc_check": "pass",
                "dynamic_last4": null,
                "exp_month": 12,
                "exp_year": 2020,
                "fingerprint": "B5I5Hkz6r7cWlvfb",
                "funding": "credit",
                "last4": "4242",
                "metadata": {},
                "name": null,
                "tokenization_method": null
              },
              {
                "id": "card_Br34m7bz0x3FUz",
                "object": "card",
                "address_city": null,
                "address_country": null,
                "address_line1": null,
                "address_line1_check": null,
                "address_line2": null,
                "address_state": null,
                "address_zip": null,
                "address_zip_check": null,
                "brand": "Visa",
                "country": "US",
                "customer": "cus_Br34nCRZv5Rg5K",
                "cvc_check": "pass",
                "dynamic_last4": null,
                "exp_month": 12,
                "exp_year": 2020,
                "fingerprint": "B5I5Hkz6r7cWlvfb",
                "funding": "credit",
                "last4": "4242",
                "metadata": {},
                "name": null,
                "tokenization_method": null
              },
              {
                "id": "ba_Br34o9nO9mXncN",
                "object": "bank_account",
                "account_holder_name": null,
                "account_holder_type": null,
                "bank_name": "STRIPE TEST BANK",
                "country": "US",
                "currency": "usd",
                "customer": "cus_Br34nCRZv5Rg5K",
                "fingerprint": "qw2YdYDmIJUuNi9w",
                "last4": "6789",
                "metadata": {},
                "routing_number": "110000000",
                "status": "new",
                "name": null
              }
            ],
            "has_more": false,
            "total_count": 3,
            "url": "/v1/customers/cus_Br34nCRZv5Rg5K/sources"
          },
          "subscriptions": {
            "object": "list",
            "data": [],
            "has_more": false,
            "total_count": 0,
            "url": "/v1/customers/cus_Br34nCRZv5Rg5K/subscriptions"
          },
          "default_source_type": "card"
        }
    http_version: 
  recorded_at: Wed, 29 Nov 2017 02:06:49 GMT
- request:
    method: get
    uri: https://api.stripe.com/v1/customers/cus_Br34nCRZv5Rg5K/sources/card_Br34m7bz0x3FUz
    body:
      encoding: US-ASCII
      string: ''
    headers:
      Accept:
      - "*/*"
      Accept-Encoding:
      - gzip, deflate
      User-Agent:
      - Stripe/v1 RubyBindings/1.58.0
      Authorization:
      - Bearer <STRIPE_API_KEY>
      Content-Type:
      - application/x-www-form-urlencoded
      Stripe-Version:
      - '2016-02-03'
      X-Stripe-Client-User-Agent:
      - '{"bindings_version":"1.58.0","lang":"ruby","lang_version":"2.4.1 p111 (2017-03-22)","platform":"x86_64-darwin15","engine":"ruby","publisher":"stripe","uname":"Darwin
        server-pdx 15.6.0 Darwin Kernel Version 15.6.0: Mon Oct  2 22:20:08 PDT 2017;
        root:xnu-3248.71.4~1/RELEASE_X86_64 x86_64","hostname":"server-pdx"}'
      Host:
      - api.stripe.com
  response:
    status:
      code: 200
      message: OK
    headers:
      Server:
      - nginx
      Date:
      - Wed, 29 Nov 2017 02:06:49 GMT
      Content-Type:
      - application/json
      Content-Length:
      - '568'
      Connection:
      - keep-alive
      Access-Control-Allow-Credentials:
      - 'true'
      Access-Control-Allow-Methods:
      - GET, POST, HEAD, OPTIONS, DELETE
      Access-Control-Allow-Origin:
      - "*"
      Access-Control-Expose-Headers:
      - X-Stripe-Privileged-Session-Required,stripe-manage-version,X-Stripe-External-Auth-Required
      Access-Control-Max-Age:
      - '300'
      Cache-Control:
      - no-cache, no-store
      Request-Id:
      - req_xqX5gjmwrYFBur
      Stripe-Version:
      - '2016-02-03'
      Strict-Transport-Security:
      - max-age=31556926; includeSubDomains; preload
    body:
      encoding: UTF-8
      string: |
        {
          "id": "card_Br34m7bz0x3FUz",
          "object": "card",
          "address_city": null,
          "address_country": null,
          "address_line1": null,
          "address_line1_check": null,
          "address_line2": null,
          "address_state": null,
          "address_zip": null,
          "address_zip_check": null,
          "brand": "Visa",
          "country": "US",
          "customer": "cus_Br34nCRZv5Rg5K",
          "cvc_check": "pass",
          "dynamic_last4": null,
          "exp_month": 12,
          "exp_year": 2020,
          "fingerprint": "B5I5Hkz6r7cWlvfb",
          "funding": "credit",
          "last4": "4242",
          "metadata": {},
          "name": null,
          "tokenization_method": null
        }
    http_version: 
  recorded_at: Wed, 29 Nov 2017 02:06:49 GMT
recorded_with: VCR 3.0.3
