---
http_interactions:
- request:
    method: post
    uri: https://api.stripe.com/v1/customers
    body:
      encoding: UTF-8
      string: description=test%40test.com
    headers:
      Accept:
      - "*/*; q=0.5, application/xml"
      Accept-Encoding:
      - gzip, deflate
      User-Agent:
      - Stripe/v1 RubyBindings/1.31.0
      Authorization:
      - Bearer <STRIPE_API_KEY>
      Content-Type:
      - application/x-www-form-urlencoded
      Stripe-Version:
      - '2016-02-03'
      X-Stripe-Client-User-Agent:
      - '{"bindings_version":"1.31.0","lang":"ruby","lang_version":"2.3.0 p0 (2015-12-25)","platform":"x86_64-darwin15","engine":"ruby","publisher":"stripe","uname":"Darwin
        chris.local 15.3.0 Darwin Kernel Version 15.3.0: Thu Dec 10 18:40:58 PST 2015;
        root:xnu-3248.30.4~1/RELEASE_X86_64 x86_64","hostname":"chris.local"}'
      Content-Length:
      - '27'
  response:
    status:
      code: 200
      message: OK
    headers:
      Server:
      - nginx
      Date:
      - Tue, 16 Feb 2016 20:14:39 GMT
      Content-Type:
      - application/json
      Content-Length:
      - '863'
      Connection:
      - keep-alive
      Access-Control-Allow-Credentials:
      - 'true'
      Access-Control-Allow-Methods:
      - GET, POST, HEAD, OPTIONS, DELETE
      Access-Control-Allow-Origin:
      - "*"
      Access-Control-Max-Age:
      - '300'
      Cache-Control:
      - no-cache, no-store
      Request-Id:
      - req_7v5Odhf3R5CbHS
      Stripe-Version:
      - '2016-02-03'
      Strict-Transport-Security:
      - max-age=31556926; includeSubDomains
    body:
      encoding: UTF-8
      string: |
        {
          "id": "cus_7v5OBIeV8vGxbs",
          "object": "customer",
          "account_balance": 0,
          "bank_accounts": {
            "object": "list",
            "data": [],
            "has_more": false,
            "total_count": 0,
            "url": "/v1/customers/cus_7v5OBIeV8vGxbs/bank_accounts"
          },
          "created": 1455653679,
          "currency": null,
          "default_bank_account": null,
          "default_source": null,
          "default_source_type": null,
          "delinquent": false,
          "description": "example@example.com",
          "discount": null,
          "email": null,
          "livemode": false,
          "metadata": {},
          "shipping": null,
          "sources": {
            "object": "list",
            "data": [],
            "has_more": false,
            "total_count": 0,
            "url": "/v1/customers/cus_7v5OBIeV8vGxbs/sources"
          },
          "subscriptions": {
            "object": "list",
            "data": [],
            "has_more": false,
            "total_count": 0,
            "url": "/v1/customers/cus_7v5OBIeV8vGxbs/subscriptions"
          }
        }
    http_version: 
  recorded_at: Tue, 16 Feb 2016 20:14:39 GMT
- request:
    method: post
    uri: https://api.stripe.com/v1/customers/cus_7v5OBIeV8vGxbs/sources
    body:
      encoding: UTF-8
      string: source[account_number]=000123456789&source[country]=US&source[object]=bank_account&source[routing_number]=110000000
    headers:
      Accept:
      - "*/*; q=0.5, application/xml"
      Accept-Encoding:
      - gzip, deflate
      User-Agent:
      - Stripe/v1 RubyBindings/1.31.0
      Authorization:
      - Bearer <STRIPE_API_KEY>
      Content-Type:
      - application/x-www-form-urlencoded
      Stripe-Version:
      - '2016-02-03'
      X-Stripe-Client-User-Agent:
      - '{"bindings_version":"1.31.0","lang":"ruby","lang_version":"2.3.0 p0 (2015-12-25)","platform":"x86_64-darwin15","engine":"ruby","publisher":"stripe","uname":"Darwin
        chris.local 15.3.0 Darwin Kernel Version 15.3.0: Thu Dec 10 18:40:58 PST 2015;
        root:xnu-3248.30.4~1/RELEASE_X86_64 x86_64","hostname":"chris.local"}'
      Content-Length:
      - '115'
  response:
    status:
      code: 200
      message: OK
    headers:
      Server:
      - nginx
      Date:
      - Tue, 16 Feb 2016 20:14:39 GMT
      Content-Type:
      - application/json
      Content-Length:
      - '344'
      Connection:
      - keep-alive
      Access-Control-Allow-Credentials:
      - 'true'
      Access-Control-Allow-Methods:
      - GET, POST, HEAD, OPTIONS, DELETE
      Access-Control-Allow-Origin:
      - "*"
      Access-Control-Max-Age:
      - '300'
      Cache-Control:
      - no-cache, no-store
      Request-Id:
      - req_7v5OIRMBVPuYxF
      Stripe-Version:
      - '2016-02-03'
      Strict-Transport-Security:
      - max-age=31556926; includeSubDomains
    body:
      encoding: UTF-8
      string: |
        {
          "id": "ba_7v5OffFr6Gwvfw",
          "object": "bank_account",
          "account_holder_type": null,
          "bank_name": "STRIPE TEST BANK",
          "country": "US",
          "currency": "usd",
          "customer": "cus_7v5OBIeV8vGxbs",
          "fingerprint": "qw2YdYDmIJUuNi9w",
          "last4": "6789",
          "metadata": {},
          "name": null,
          "routing_number": "110000000",
          "status": "new"
        }
    http_version: 
  recorded_at: Tue, 16 Feb 2016 20:14:39 GMT
- request:
    method: get
    uri: https://api.stripe.com/v1/customers/cus_7v5OBIeV8vGxbs
    body:
      encoding: US-ASCII
      string: ''
    headers:
      Accept:
      - "*/*; q=0.5, application/xml"
      Accept-Encoding:
      - gzip, deflate
      User-Agent:
      - Stripe/v1 RubyBindings/1.31.0
      Authorization:
      - Bearer <STRIPE_API_KEY>
      Content-Type:
      - application/x-www-form-urlencoded
      Stripe-Version:
      - '2016-02-03'
      X-Stripe-Client-User-Agent:
      - '{"bindings_version":"1.31.0","lang":"ruby","lang_version":"2.3.0 p0 (2015-12-25)","platform":"x86_64-darwin15","engine":"ruby","publisher":"stripe","uname":"Darwin
        chris.local 15.3.0 Darwin Kernel Version 15.3.0: Thu Dec 10 18:40:58 PST 2015;
        root:xnu-3248.30.4~1/RELEASE_X86_64 x86_64","hostname":"chris.local"}'
  response:
    status:
      code: 200
      message: OK
    headers:
      Server:
      - nginx
      Date:
      - Tue, 16 Feb 2016 20:14:39 GMT
      Content-Type:
      - application/json
      Content-Length:
      - '1781'
      Connection:
      - keep-alive
      Access-Control-Allow-Credentials:
      - 'true'
      Access-Control-Allow-Methods:
      - GET, POST, HEAD, OPTIONS, DELETE
      Access-Control-Allow-Origin:
      - "*"
      Access-Control-Max-Age:
      - '300'
      Cache-Control:
      - no-cache, no-store
      Request-Id:
      - req_7v5OcSBAt4zuPB
      Stripe-Version:
      - '2016-02-03'
      Strict-Transport-Security:
      - max-age=31556926; includeSubDomains
    body:
      encoding: UTF-8
      string: |
        {
          "id": "cus_7v5OBIeV8vGxbs",
          "object": "customer",
          "account_balance": 0,
          "bank_accounts": {
            "object": "list",
            "data": [
              {
                "id": "ba_7v5OffFr6Gwvfw",
                "object": "bank_account",
                "account_holder_type": null,
                "bank_name": "STRIPE TEST BANK",
                "country": "US",
                "currency": "usd",
                "customer": "cus_7v5OBIeV8vGxbs",
                "fingerprint": "qw2YdYDmIJUuNi9w",
                "last4": "6789",
                "metadata": {},
                "name": null,
                "routing_number": "110000000",
                "status": "new"
              }
            ],
            "has_more": false,
            "total_count": 1,
            "url": "/v1/customers/cus_7v5OBIeV8vGxbs/bank_accounts"
          },
          "created": 1455653679,
          "currency": null,
          "default_bank_account": "ba_7v5OffFr6Gwvfw",
          "default_source": "ba_7v5OffFr6Gwvfw",
          "default_source_type": "bank_account",
          "delinquent": false,
          "description": "example@example.com",
          "discount": null,
          "email": null,
          "livemode": false,
          "metadata": {},
          "shipping": null,
          "sources": {
            "object": "list",
            "data": [
              {
                "id": "ba_7v5OffFr6Gwvfw",
                "object": "bank_account",
                "account_holder_type": null,
                "bank_name": "STRIPE TEST BANK",
                "country": "US",
                "currency": "usd",
                "customer": "cus_7v5OBIeV8vGxbs",
                "fingerprint": "qw2YdYDmIJUuNi9w",
                "last4": "6789",
                "metadata": {},
                "name": null,
                "routing_number": "110000000",
                "status": "new"
              }
            ],
            "has_more": false,
            "total_count": 1,
            "url": "/v1/customers/cus_7v5OBIeV8vGxbs/sources"
          },
          "subscriptions": {
            "object": "list",
            "data": [],
            "has_more": false,
            "total_count": 0,
            "url": "/v1/customers/cus_7v5OBIeV8vGxbs/subscriptions"
          }
        }
    http_version: 
  recorded_at: Tue, 16 Feb 2016 20:14:39 GMT
- request:
    method: get
    uri: https://api.stripe.com/v1/customers/cus_7v5OBIeV8vGxbs/sources/ba_7v5OffFr6Gwvfw
    body:
      encoding: US-ASCII
      string: ''
    headers:
      Accept:
      - "*/*; q=0.5, application/xml"
      Accept-Encoding:
      - gzip, deflate
      User-Agent:
      - Stripe/v1 RubyBindings/1.31.0
      Authorization:
      - Bearer <STRIPE_API_KEY>
      Content-Type:
      - application/x-www-form-urlencoded
      Stripe-Version:
      - '2016-02-03'
      X-Stripe-Client-User-Agent:
      - '{"bindings_version":"1.31.0","lang":"ruby","lang_version":"2.3.0 p0 (2015-12-25)","platform":"x86_64-darwin15","engine":"ruby","publisher":"stripe","uname":"Darwin
        chris.local 15.3.0 Darwin Kernel Version 15.3.0: Thu Dec 10 18:40:58 PST 2015;
        root:xnu-3248.30.4~1/RELEASE_X86_64 x86_64","hostname":"chris.local"}'
  response:
    status:
      code: 200
      message: OK
    headers:
      Server:
      - nginx
      Date:
      - Tue, 16 Feb 2016 20:14:40 GMT
      Content-Type:
      - application/json
      Content-Length:
      - '344'
      Connection:
      - keep-alive
      Access-Control-Allow-Credentials:
      - 'true'
      Access-Control-Allow-Methods:
      - GET, POST, HEAD, OPTIONS, DELETE
      Access-Control-Allow-Origin:
      - "*"
      Access-Control-Max-Age:
      - '300'
      Cache-Control:
      - no-cache, no-store
      Request-Id:
      - req_7v5OKnyf66gC3J
      Stripe-Version:
      - '2016-02-03'
      Strict-Transport-Security:
      - max-age=31556926; includeSubDomains
    body:
      encoding: UTF-8
      string: |
        {
          "id": "ba_7v5OffFr6Gwvfw",
          "object": "bank_account",
          "account_holder_type": null,
          "bank_name": "STRIPE TEST BANK",
          "country": "US",
          "currency": "usd",
          "customer": "cus_7v5OBIeV8vGxbs",
          "fingerprint": "qw2YdYDmIJUuNi9w",
          "last4": "6789",
          "metadata": {},
          "name": null,
          "routing_number": "110000000",
          "status": "new"
        }
    http_version: 
  recorded_at: Tue, 16 Feb 2016 20:14:40 GMT
- request:
    method: get
    uri: https://api.stripe.com/v1/customers/cus_7v5OBIeV8vGxbs
    body:
      encoding: US-ASCII
      string: ''
    headers:
      Accept:
      - "*/*; q=0.5, application/xml"
      Accept-Encoding:
      - gzip, deflate
      User-Agent:
      - Stripe/v1 RubyBindings/1.31.0
      Authorization:
      - Bearer <STRIPE_API_KEY>
      Content-Type:
      - application/x-www-form-urlencoded
      Stripe-Version:
      - '2016-02-03'
      X-Stripe-Client-User-Agent:
      - '{"bindings_version":"1.31.0","lang":"ruby","lang_version":"2.3.0 p0 (2015-12-25)","platform":"x86_64-darwin15","engine":"ruby","publisher":"stripe","uname":"Darwin
        chris.local 15.3.0 Darwin Kernel Version 15.3.0: Thu Dec 10 18:40:58 PST 2015;
        root:xnu-3248.30.4~1/RELEASE_X86_64 x86_64","hostname":"chris.local"}'
  response:
    status:
      code: 200
      message: OK
    headers:
      Server:
      - nginx
      Date:
      - Tue, 16 Feb 2016 20:14:40 GMT
      Content-Type:
      - application/json
      Content-Length:
      - '1781'
      Connection:
      - keep-alive
      Access-Control-Allow-Credentials:
      - 'true'
      Access-Control-Allow-Methods:
      - GET, POST, HEAD, OPTIONS, DELETE
      Access-Control-Allow-Origin:
      - "*"
      Access-Control-Max-Age:
      - '300'
      Cache-Control:
      - no-cache, no-store
      Request-Id:
      - req_7v5OPHO5jNMiZd
      Stripe-Version:
      - '2016-02-03'
      Strict-Transport-Security:
      - max-age=31556926; includeSubDomains
    body:
      encoding: UTF-8
      string: |
        {
          "id": "cus_7v5OBIeV8vGxbs",
          "object": "customer",
          "account_balance": 0,
          "bank_accounts": {
            "object": "list",
            "data": [
              {
                "id": "ba_7v5OffFr6Gwvfw",
                "object": "bank_account",
                "account_holder_type": null,
                "bank_name": "STRIPE TEST BANK",
                "country": "US",
                "currency": "usd",
                "customer": "cus_7v5OBIeV8vGxbs",
                "fingerprint": "qw2YdYDmIJUuNi9w",
                "last4": "6789",
                "metadata": {},
                "name": null,
                "routing_number": "110000000",
                "status": "new"
              }
            ],
            "has_more": false,
            "total_count": 1,
            "url": "/v1/customers/cus_7v5OBIeV8vGxbs/bank_accounts"
          },
          "created": 1455653679,
          "currency": null,
          "default_bank_account": "ba_7v5OffFr6Gwvfw",
          "default_source": "ba_7v5OffFr6Gwvfw",
          "default_source_type": "bank_account",
          "delinquent": false,
          "description": "example@example.com",
          "discount": null,
          "email": null,
          "livemode": false,
          "metadata": {},
          "shipping": null,
          "sources": {
            "object": "list",
            "data": [
              {
                "id": "ba_7v5OffFr6Gwvfw",
                "object": "bank_account",
                "account_holder_type": null,
                "bank_name": "STRIPE TEST BANK",
                "country": "US",
                "currency": "usd",
                "customer": "cus_7v5OBIeV8vGxbs",
                "fingerprint": "qw2YdYDmIJUuNi9w",
                "last4": "6789",
                "metadata": {},
                "name": null,
                "routing_number": "110000000",
                "status": "new"
              }
            ],
            "has_more": false,
            "total_count": 1,
            "url": "/v1/customers/cus_7v5OBIeV8vGxbs/sources"
          },
          "subscriptions": {
            "object": "list",
            "data": [],
            "has_more": false,
            "total_count": 0,
            "url": "/v1/customers/cus_7v5OBIeV8vGxbs/subscriptions"
          }
        }
    http_version: 
  recorded_at: Tue, 16 Feb 2016 20:14:40 GMT
- request:
    method: post
    uri: https://api.stripe.com/v1/customers/cus_7v5OBIeV8vGxbs/sources/ba_7v5OffFr6Gwvfw/verify
    body:
      encoding: UTF-8
      string: amounts[]=32&amounts[]=45
    headers:
      Accept:
      - "*/*; q=0.5, application/xml"
      Accept-Encoding:
      - gzip, deflate
      User-Agent:
      - Stripe/v1 RubyBindings/1.31.0
      Authorization:
      - Bearer <STRIPE_API_KEY>
      Content-Type:
      - application/x-www-form-urlencoded
      Stripe-Version:
      - '2016-02-03'
      X-Stripe-Client-User-Agent:
      - '{"bindings_version":"1.31.0","lang":"ruby","lang_version":"2.3.0 p0 (2015-12-25)","platform":"x86_64-darwin15","engine":"ruby","publisher":"stripe","uname":"Darwin
        chris.local 15.3.0 Darwin Kernel Version 15.3.0: Thu Dec 10 18:40:58 PST 2015;
        root:xnu-3248.30.4~1/RELEASE_X86_64 x86_64","hostname":"chris.local"}'
      Content-Length:
      - '25'
  response:
    status:
      code: 200
      message: OK
    headers:
      Server:
      - nginx
      Date:
      - Tue, 16 Feb 2016 20:14:40 GMT
      Content-Type:
      - application/json
      Content-Length:
      - '349'
      Connection:
      - keep-alive
      Access-Control-Allow-Credentials:
      - 'true'
      Access-Control-Allow-Methods:
      - GET, POST, HEAD, OPTIONS, DELETE
      Access-Control-Allow-Origin:
      - "*"
      Access-Control-Max-Age:
      - '300'
      Cache-Control:
      - no-cache, no-store
      Request-Id:
      - req_7v5OBw4jO0KoQV
      Stripe-Version:
      - '2016-02-03'
      Strict-Transport-Security:
      - max-age=31556926; includeSubDomains
    body:
      encoding: UTF-8
      string: |
        {
          "id": "ba_7v5OffFr6Gwvfw",
          "object": "bank_account",
          "account_holder_type": null,
          "bank_name": "STRIPE TEST BANK",
          "country": "US",
          "currency": "usd",
          "customer": "cus_7v5OBIeV8vGxbs",
          "fingerprint": "qw2YdYDmIJUuNi9w",
          "last4": "6789",
          "metadata": {},
          "name": null,
          "routing_number": "110000000",
          "status": "verified"
        }
    http_version: 
  recorded_at: Tue, 16 Feb 2016 20:14:40 GMT
- request:
    method: get
    uri: https://api.stripe.com/v1/customers/cus_7v5OBIeV8vGxbs
    body:
      encoding: US-ASCII
      string: ''
    headers:
      Accept:
      - "*/*; q=0.5, application/xml"
      Accept-Encoding:
      - gzip, deflate
      User-Agent:
      - Stripe/v1 RubyBindings/1.31.0
      Authorization:
      - Bearer <STRIPE_API_KEY>
      Content-Type:
      - application/x-www-form-urlencoded
      Stripe-Version:
      - '2016-02-03'
      X-Stripe-Client-User-Agent:
      - '{"bindings_version":"1.31.0","lang":"ruby","lang_version":"2.3.0 p0 (2015-12-25)","platform":"x86_64-darwin15","engine":"ruby","publisher":"stripe","uname":"Darwin
        chris.local 15.3.0 Darwin Kernel Version 15.3.0: Thu Dec 10 18:40:58 PST 2015;
        root:xnu-3248.30.4~1/RELEASE_X86_64 x86_64","hostname":"chris.local"}'
  response:
    status:
      code: 200
      message: OK
    headers:
      Server:
      - nginx
      Date:
      - Tue, 16 Feb 2016 20:14:40 GMT
      Content-Type:
      - application/json
      Content-Length:
      - '1791'
      Connection:
      - keep-alive
      Access-Control-Allow-Credentials:
      - 'true'
      Access-Control-Allow-Methods:
      - GET, POST, HEAD, OPTIONS, DELETE
      Access-Control-Allow-Origin:
      - "*"
      Access-Control-Max-Age:
      - '300'
      Cache-Control:
      - no-cache, no-store
      Request-Id:
      - req_7v5O7vrFiSzXiD
      Stripe-Version:
      - '2016-02-03'
      Strict-Transport-Security:
      - max-age=31556926; includeSubDomains
    body:
      encoding: UTF-8
      string: |
        {
          "id": "cus_7v5OBIeV8vGxbs",
          "object": "customer",
          "account_balance": 0,
          "bank_accounts": {
            "object": "list",
            "data": [
              {
                "id": "ba_7v5OffFr6Gwvfw",
                "object": "bank_account",
                "account_holder_type": null,
                "bank_name": "STRIPE TEST BANK",
                "country": "US",
                "currency": "usd",
                "customer": "cus_7v5OBIeV8vGxbs",
                "fingerprint": "qw2YdYDmIJUuNi9w",
                "last4": "6789",
                "metadata": {},
                "name": null,
                "routing_number": "110000000",
                "status": "verified"
              }
            ],
            "has_more": false,
            "total_count": 1,
            "url": "/v1/customers/cus_7v5OBIeV8vGxbs/bank_accounts"
          },
          "created": 1455653679,
          "currency": null,
          "default_bank_account": "ba_7v5OffFr6Gwvfw",
          "default_source": "ba_7v5OffFr6Gwvfw",
          "default_source_type": "bank_account",
          "delinquent": false,
          "description": "example@example.com",
          "discount": null,
          "email": null,
          "livemode": false,
          "metadata": {},
          "shipping": null,
          "sources": {
            "object": "list",
            "data": [
              {
                "id": "ba_7v5OffFr6Gwvfw",
                "object": "bank_account",
                "account_holder_type": null,
                "bank_name": "STRIPE TEST BANK",
                "country": "US",
                "currency": "usd",
                "customer": "cus_7v5OBIeV8vGxbs",
                "fingerprint": "qw2YdYDmIJUuNi9w",
                "last4": "6789",
                "metadata": {},
                "name": null,
                "routing_number": "110000000",
                "status": "verified"
              }
            ],
            "has_more": false,
            "total_count": 1,
            "url": "/v1/customers/cus_7v5OBIeV8vGxbs/sources"
          },
          "subscriptions": {
            "object": "list",
            "data": [],
            "has_more": false,
            "total_count": 0,
            "url": "/v1/customers/cus_7v5OBIeV8vGxbs/subscriptions"
          }
        }
    http_version: 
  recorded_at: Tue, 16 Feb 2016 20:14:40 GMT
- request:
    method: post
    uri: https://api.stripe.com/v1/charges
    body:
      encoding: UTF-8
      string: amount=100&currency=usd&customer=cus_7v5OBIeV8vGxbs&source=ba_7v5OffFr6Gwvfw
    headers:
      Accept:
      - "*/*; q=0.5, application/xml"
      Accept-Encoding:
      - gzip, deflate
      User-Agent:
      - Stripe/v1 RubyBindings/1.31.0
      Authorization:
      - Bearer <STRIPE_API_KEY>
      Content-Type:
      - application/x-www-form-urlencoded
      Stripe-Version:
      - '2016-02-03'
      X-Stripe-Client-User-Agent:
      - '{"bindings_version":"1.31.0","lang":"ruby","lang_version":"2.3.0 p0 (2015-12-25)","platform":"x86_64-darwin15","engine":"ruby","publisher":"stripe","uname":"Darwin
        chris.local 15.3.0 Darwin Kernel Version 15.3.0: Thu Dec 10 18:40:58 PST 2015;
        root:xnu-3248.30.4~1/RELEASE_X86_64 x86_64","hostname":"chris.local"}'
      Content-Length:
      - '76'
  response:
    status:
      code: 200
      message: OK
    headers:
      Server:
      - nginx
      Date:
      - Tue, 16 Feb 2016 20:14:41 GMT
      Content-Type:
      - application/json
      Content-Length:
      - '1193'
      Connection:
      - keep-alive
      Access-Control-Allow-Credentials:
      - 'true'
      Access-Control-Allow-Methods:
      - GET, POST, HEAD, OPTIONS, DELETE
      Access-Control-Allow-Origin:
      - "*"
      Access-Control-Max-Age:
      - '300'
      Cache-Control:
      - no-cache, no-store
      Request-Id:
      - req_7v5OQKd6nnLJ8r
      Stripe-Version:
      - '2016-02-03'
      Strict-Transport-Security:
      - max-age=31556926; includeSubDomains
    body:
      encoding: UTF-8
      string: |
        {
          "id": "py_7v5OiYuKV8jpyX",
          "object": "charge",
          "amount": 100,
          "amount_refunded": 0,
          "application_fee": null,
          "balance_transaction": "txn_7v5O3yAiDjo04t",
          "captured": true,
          "created": 1455653680,
          "currency": "usd",
          "customer": "cus_7v5OBIeV8vGxbs",
          "description": null,
          "destination": null,
          "dispute": null,
          "failure_code": null,
          "failure_message": null,
          "fraud_details": {},
          "invoice": null,
          "livemode": false,
          "metadata": {},
          "order": null,
          "paid": false,
          "receipt_email": null,
          "receipt_number": null,
          "refunded": false,
          "refunds": {
            "object": "list",
            "data": [],
            "has_more": false,
            "total_count": 0,
            "url": "/v1/charges/py_7v5OiYuKV8jpyX/refunds"
          },
          "shipping": null,
          "source": {
            "id": "ba_7v5OffFr6Gwvfw",
            "object": "bank_account",
            "account_holder_type": null,
            "bank_name": "STRIPE TEST BANK",
            "country": "US",
            "currency": "usd",
            "customer": "cus_7v5OBIeV8vGxbs",
            "fingerprint": "qw2YdYDmIJUuNi9w",
            "last4": "6789",
            "metadata": {},
            "name": null,
            "routing_number": "110000000",
            "status": "verified"
          },
          "statement_descriptor": null,
          "status": "pending"
        }
    http_version: 
  recorded_at: Tue, 16 Feb 2016 20:14:41 GMT
- request:
    method: get
    uri: https://<CLOSE_IO_API_KEY>:@app.close.io/api/v1/lead/?query=email:example@example.com
    body:
      encoding: US-ASCII
      string: ''
    headers:
      Accept:
      - application/json
      User-Agent:
      - Faraday v0.9.2
      Accept-Encoding:
      - gzip;q=1.0,deflate;q=0.6,identity;q=0.3
  response:
    status:
      code: 200
      message: OK
    headers:
      Content-Type:
      - application/json
      Date:
      - Tue, 16 Feb 2016 20:14:41 GMT
      Set-Cookie:
      - session=; Expires=Thu, 01-Jan-1970 00:00:00 GMT; Max-Age=0; Path=/
      Strict-Transport-Security:
      - max-age=31536000; includeSubDomains
      Vary:
      - Accept
      X-Frame-Options:
      - SAMEORIGIN
      Content-Length:
      - '652'
      Connection:
      - keep-alive
    body:
      encoding: ASCII-8BIT
      string: '{"has_more": false, "total_results": 1, "data": [{"tasks": [], "display_name":
        "TEST TEST", "addresses": [], "status_id": "stat_IAcdBqZZTAul6vK2srakLxAyd8Kem3ALHW6MBg12ntc",
        "date_updated": "2016-02-13T23:03:08.982000+00:00", "status_label": "Enrolled",
        "description": "Foo", "contacts": [{"name": "TEST TEST", "title": "", "date_updated":
        "2015-08-04T20:54:56.554000+00:00", "phones": [], "created_by": "user_ABOHi4Y53EYGaL6y4ioR2VXABSEPGSQh2xoJHnaiEP9",
        "id": "cont_FStz8S1Oe1diS12GwlUZM3kd9An7qfrPhTkQ3nyxvoH", "organization_id":
        "orga_IRlZ0dse4odbsGRQCuEZFhRQyFgzcNzvbpIXaeg74pE", "urls": [], "date_created":
        "2015-08-04T20:54:51.401000+00:00", "emails": [{"type": "office", "email":
        "example@example.com"}], "updated_by": "user_ABOHi4Y53EYGaL6y4ioR2VXABSEPGSQh2xoJHnaiEP9"}],
        "html_url": "https://app.close.io/lead/lead_4LhIfianLPowbWVnZgOBHQ8Flgm26Wu6YsssnTkKg26/",
        "created_by": "user_ABOHi4Y53EYGaL6y4ioR2VXABSEPGSQh2xoJHnaiEP9", "custom":
        {"Amount paid": 1, "Payment plan": "Standard Plan - $150 then $850"}, "organization_id":
        "orga_IRlZ0dse4odbsGRQCuEZFhRQyFgzcNzvbpIXaeg74pE", "url": null, "updated_by":
        "user_ABOHi4Y53EYGaL6y4ioR2VXABSEPGSQh2xoJHnaiEP9", "opportunities": [], "created_by_name":
        "Michael Kaiser-Nyman", "date_created": "2015-08-04T20:54:51.404000+00:00",
        "id": "lead_4LhIfianLPowbWVnZgOBHQ8Flgm26Wu6YsssnTkKg26", "updated_by_name":
        "Michael Kaiser-Nyman", "name": "TEST TEST"}]}'
    http_version: 
  recorded_at: Tue, 16 Feb 2016 20:14:41 GMT
- request:
    method: get
    uri: https://<CLOSE_IO_API_KEY>:@app.close.io/api/v1/lead/?query=email:example@example.com
    body:
      encoding: US-ASCII
      string: ''
    headers:
      Accept:
      - application/json
      User-Agent:
      - Faraday v0.9.2
      Accept-Encoding:
      - gzip;q=1.0,deflate;q=0.6,identity;q=0.3
  response:
    status:
      code: 200
      message: OK
    headers:
      Content-Type:
      - application/json
      Date:
      - Tue, 16 Feb 2016 20:14:41 GMT
      Set-Cookie:
      - session=; Expires=Thu, 01-Jan-1970 00:00:00 GMT; Max-Age=0; Path=/
      Strict-Transport-Security:
      - max-age=31536000; includeSubDomains
      Vary:
      - Accept
      X-Frame-Options:
      - SAMEORIGIN
      Content-Length:
      - '652'
      Connection:
      - keep-alive
    body:
      encoding: ASCII-8BIT
      string: '{"has_more": false, "total_results": 1, "data": [{"tasks": [], "display_name":
        "TEST TEST", "addresses": [], "status_id": "stat_IAcdBqZZTAul6vK2srakLxAyd8Kem3ALHW6MBg12ntc",
        "date_updated": "2016-02-13T23:03:08.982000+00:00", "status_label": "Enrolled",
        "description": "Foo", "contacts": [{"name": "TEST TEST", "title": "", "date_updated":
        "2015-08-04T20:54:56.554000+00:00", "phones": [], "created_by": "user_ABOHi4Y53EYGaL6y4ioR2VXABSEPGSQh2xoJHnaiEP9",
        "id": "cont_FStz8S1Oe1diS12GwlUZM3kd9An7qfrPhTkQ3nyxvoH", "organization_id":
        "orga_IRlZ0dse4odbsGRQCuEZFhRQyFgzcNzvbpIXaeg74pE", "urls": [], "date_created":
        "2015-08-04T20:54:51.401000+00:00", "emails": [{"type": "office", "email":
        "example@example.com"}], "updated_by": "user_ABOHi4Y53EYGaL6y4ioR2VXABSEPGSQh2xoJHnaiEP9"}],
        "html_url": "https://app.close.io/lead/lead_4LhIfianLPowbWVnZgOBHQ8Flgm26Wu6YsssnTkKg26/",
        "created_by": "user_ABOHi4Y53EYGaL6y4ioR2VXABSEPGSQh2xoJHnaiEP9", "custom":
        {"Amount paid": 1, "Payment plan": "Standard Plan - $150 then $850"}, "organization_id":
        "orga_IRlZ0dse4odbsGRQCuEZFhRQyFgzcNzvbpIXaeg74pE", "url": null, "updated_by":
        "user_ABOHi4Y53EYGaL6y4ioR2VXABSEPGSQh2xoJHnaiEP9", "opportunities": [], "created_by_name":
        "Michael Kaiser-Nyman", "date_created": "2015-08-04T20:54:51.404000+00:00",
        "id": "lead_4LhIfianLPowbWVnZgOBHQ8Flgm26Wu6YsssnTkKg26", "updated_by_name":
        "Michael Kaiser-Nyman", "name": "TEST TEST"}]}'
    http_version: 
  recorded_at: Tue, 16 Feb 2016 20:14:41 GMT
- request:
    method: put
    uri: https://<CLOSE_IO_API_KEY>:@app.close.io/api/v1/lead/lead_4LhIfianLPowbWVnZgOBHQ8Flgm26Wu6YsssnTkKg26/
    body:
      encoding: UTF-8
      string: '{"status":"Enrolled","custom.Amount paid":1}'
    headers:
      Accept:
      - application/json
      User-Agent:
      - Faraday v0.9.2
      Content-Type:
      - application/json
      Accept-Encoding:
      - gzip;q=1.0,deflate;q=0.6,identity;q=0.3
  response:
    status:
      code: 200
      message: OK
    headers:
      Content-Type:
      - application/json
      Date:
      - Tue, 16 Feb 2016 20:14:41 GMT
      Set-Cookie:
      - session=; Expires=Thu, 01-Jan-1970 00:00:00 GMT; Max-Age=0; Path=/
      Strict-Transport-Security:
      - max-age=31536000; includeSubDomains
      Vary:
      - Accept
      X-Frame-Options:
      - SAMEORIGIN
      Content-Length:
      - '622'
      Connection:
      - keep-alive
    body:
      encoding: ASCII-8BIT
      string: '{"tasks": [], "display_name": "TEST TEST", "addresses": [], "name":
        "TEST TEST", "status_id": "stat_IAcdBqZZTAul6vK2srakLxAyd8Kem3ALHW6MBg12ntc",
        "date_updated": "2016-02-13T23:03:08.982000+00:00", "status_label": "Enrolled",
        "contacts": [{"name": "TEST TEST", "title": "", "date_updated": "2015-08-04T20:54:56.554000+00:00",
        "phones": [], "created_by": "user_ABOHi4Y53EYGaL6y4ioR2VXABSEPGSQh2xoJHnaiEP9",
        "id": "cont_FStz8S1Oe1diS12GwlUZM3kd9An7qfrPhTkQ3nyxvoH", "organization_id":
        "orga_IRlZ0dse4odbsGRQCuEZFhRQyFgzcNzvbpIXaeg74pE", "urls": [], "date_created":
        "2015-08-04T20:54:51.401000+00:00", "emails": [{"type": "office", "email":
        "example@example.com"}], "updated_by": "user_ABOHi4Y53EYGaL6y4ioR2VXABSEPGSQh2xoJHnaiEP9"}],
        "html_url": "https://app.close.io/lead/lead_4LhIfianLPowbWVnZgOBHQ8Flgm26Wu6YsssnTkKg26/",
        "created_by": "user_ABOHi4Y53EYGaL6y4ioR2VXABSEPGSQh2xoJHnaiEP9", "custom":
        {"Amount paid": 1, "Payment plan": "Standard Plan - $150 then $850"}, "organization_id":
        "orga_IRlZ0dse4odbsGRQCuEZFhRQyFgzcNzvbpIXaeg74pE", "url": null, "created_by_name":
        "Michael Kaiser-Nyman", "opportunities": [], "updated_by": "user_ABOHi4Y53EYGaL6y4ioR2VXABSEPGSQh2xoJHnaiEP9",
        "date_created": "2015-08-04T20:54:51.404000+00:00", "id": "lead_4LhIfianLPowbWVnZgOBHQ8Flgm26Wu6YsssnTkKg26",
        "updated_by_name": "Michael Kaiser-Nyman", "description": "Foo"}'
    http_version: 
  recorded_at: Tue, 16 Feb 2016 20:14:41 GMT
- request:
    method: get
    uri: https://api.stripe.com/v1/balance/history/txn_7v5O3yAiDjo04t
    body:
      encoding: US-ASCII
      string: ''
    headers:
      Accept:
      - "*/*; q=0.5, application/xml"
      Accept-Encoding:
      - gzip, deflate
      User-Agent:
      - Stripe/v1 RubyBindings/1.31.0
      Authorization:
      - Bearer <STRIPE_API_KEY>
      Content-Type:
      - application/x-www-form-urlencoded
      Stripe-Version:
      - '2016-02-03'
      X-Stripe-Client-User-Agent:
      - '{"bindings_version":"1.31.0","lang":"ruby","lang_version":"2.3.0 p0 (2015-12-25)","platform":"x86_64-darwin15","engine":"ruby","publisher":"stripe","uname":"Darwin
        chris.local 15.3.0 Darwin Kernel Version 15.3.0: Thu Dec 10 18:40:58 PST 2015;
        root:xnu-3248.30.4~1/RELEASE_X86_64 x86_64","hostname":"chris.local"}'
  response:
    status:
      code: 200
      message: OK
    headers:
      Server:
      - nginx
      Date:
      - Tue, 16 Feb 2016 20:14:41 GMT
      Content-Type:
      - application/json
      Content-Length:
      - '648'
      Connection:
      - keep-alive
      Access-Control-Allow-Credentials:
      - 'true'
      Access-Control-Allow-Methods:
      - GET, POST, HEAD, OPTIONS, DELETE
      Access-Control-Allow-Origin:
      - "*"
      Access-Control-Max-Age:
      - '300'
      Cache-Control:
      - no-cache, no-store
      Request-Id:
      - req_7v5OwLFhlb7PQW
      Stripe-Version:
      - '2016-02-03'
      Strict-Transport-Security:
      - max-age=31556926; includeSubDomains
    body:
      encoding: UTF-8
      string: |
        {
          "id": "txn_7v5O3yAiDjo04t",
          "object": "balance_transaction",
          "amount": 100,
          "available_on": 1455653680,
          "created": 1455653680,
          "currency": "usd",
          "description": null,
          "fee": 25,
          "fee_details": [
            {
              "amount": 25,
              "application": null,
              "currency": "usd",
              "description": "Stripe processing fees",
              "type": "stripe_fee"
            }
          ],
          "net": 75,
          "source": "py_7v5OiYuKV8jpyX",
          "sourced_transfers": {
            "object": "list",
            "data": [],
            "has_more": false,
            "total_count": 0,
            "url": "/v1/transfers?source_transaction=py_7v5OiYuKV8jpyX"
          },
          "status": "available",
          "type": "payment"
        }
    http_version: 
  recorded_at: Tue, 16 Feb 2016 20:14:41 GMT
- request:
    method: post
    uri: https://api.stripe.com/v1/refunds
    body:
      encoding: UTF-8
      string: amount=-40&charge=py_7v5OiYuKV8jpyX
    headers:
      Accept:
      - "*/*; q=0.5, application/xml"
      Accept-Encoding:
      - gzip, deflate
      User-Agent:
      - Stripe/v1 RubyBindings/1.31.0
      Authorization:
      - Bearer <STRIPE_API_KEY>
      Content-Type:
      - application/x-www-form-urlencoded
      Stripe-Version:
      - '2016-02-03'
      X-Stripe-Client-User-Agent:
      - '{"bindings_version":"1.31.0","lang":"ruby","lang_version":"2.3.0 p0 (2015-12-25)","platform":"x86_64-darwin15","engine":"ruby","publisher":"stripe","uname":"Darwin
        chris.local 15.3.0 Darwin Kernel Version 15.3.0: Thu Dec 10 18:40:58 PST 2015;
        root:xnu-3248.30.4~1/RELEASE_X86_64 x86_64","hostname":"chris.local"}'
      Content-Length:
      - '35'
  response:
    status:
      code: 400
      message: Bad Request
    headers:
      Server:
      - nginx
      Date:
      - Tue, 16 Feb 2016 20:14:41 GMT
      Content-Type:
      - application/json
      Content-Length:
      - '123'
      Connection:
      - keep-alive
      Access-Control-Allow-Credentials:
      - 'true'
      Access-Control-Allow-Methods:
      - GET, POST, HEAD, OPTIONS, DELETE
      Access-Control-Allow-Origin:
      - "*"
      Access-Control-Max-Age:
      - '300'
      Cache-Control:
      - no-cache, no-store
      Request-Id:
      - req_7v5O7T8rhgFwZe
      Stripe-Version:
      - '2016-02-03'
    body:
      encoding: UTF-8
      string: |
        {
          "error": {
            "type": "invalid_request_error",
            "message": "Invalid positive integer",
            "param": "amount"
          }
        }
    http_version: 
  recorded_at: Tue, 16 Feb 2016 20:14:41 GMT
- request:
    method: get
    uri: https://<CLOSE_IO_API_KEY>:@app.close.io/api/v1/lead/?query=email:example@example.com
    body:
      encoding: US-ASCII
      string: ''
    headers:
      Accept:
      - application/json
      User-Agent:
      - Faraday v0.9.2
      Accept-Encoding:
      - gzip;q=1.0,deflate;q=0.6,identity;q=0.3
  response:
    status:
      code: 200
      message: OK
    headers:
      Content-Type:
      - application/json
      Date:
      - Wed, 06 Apr 2016 19:12:36 GMT
      Set-Cookie:
      - session=; Expires=Thu, 01-Jan-1970 00:00:00 GMT; Max-Age=0; Path=/
      Strict-Transport-Security:
      - max-age=31536000; includeSubDomains
      Vary:
      - Accept
      X-Frame-Options:
      - SAMEORIGIN
      Content-Length:
      - '654'
      Connection:
      - keep-alive
    body:
      encoding: ASCII-8BIT
      string: '{"has_more": false, "total_results": 1, "data": [{"tasks": [], "display_name":
        "TEST TEST", "addresses": [], "status_id": "stat_IAcdBqZZTAul6vK2srakLxAyd8Kem3ALHW6MBg12ntc",
        "date_updated": "2016-03-31T19:40:39.351000+00:00", "status_label": "Enrolled",
        "description": "Foo", "contacts": [{"name": "TEST TEST", "title": "", "date_updated":
        "2015-08-04T20:54:56.554000+00:00", "phones": [], "created_by": "user_ABOHi4Y53EYGaL6y4ioR2VXABSEPGSQh2xoJHnaiEP9",
        "id": "cont_FStz8S1Oe1diS12GwlUZM3kd9An7qfrPhTkQ3nyxvoH", "organization_id":
        "orga_IRlZ0dse4odbsGRQCuEZFhRQyFgzcNzvbpIXaeg74pE", "urls": [], "date_created":
        "2015-08-04T20:54:51.401000+00:00", "emails": [{"type": "office", "email":
        "example@example.com"}], "updated_by": "user_ABOHi4Y53EYGaL6y4ioR2VXABSEPGSQh2xoJHnaiEP9"}],
        "html_url": "https://app.close.io/lead/lead_4LhIfianLPowbWVnZgOBHQ8Flgm26Wu6YsssnTkKg26/",
        "created_by": "user_ABOHi4Y53EYGaL6y4ioR2VXABSEPGSQh2xoJHnaiEP9", "custom":
        {"Amount paid": 1765, "Payment plan": "Standard Plan - $150 then $850"}, "organization_id":
        "orga_IRlZ0dse4odbsGRQCuEZFhRQyFgzcNzvbpIXaeg74pE", "url": null, "updated_by":
        "user_ABOHi4Y53EYGaL6y4ioR2VXABSEPGSQh2xoJHnaiEP9", "opportunities": [], "created_by_name":
        "Michael Kaiser-Nyman", "date_created": "2015-08-04T20:54:51.404000+00:00",
        "id": "lead_4LhIfianLPowbWVnZgOBHQ8Flgm26Wu6YsssnTkKg26", "updated_by_name":
        "Michael Kaiser-Nyman", "name": "TEST TEST"}]}'
    http_version: 
  recorded_at: Wed, 06 Apr 2016 19:12:36 GMT
- request:
    method: get
    uri: https://app.close.io/api/v1/lead/?query=email:example@example.com
    body:
      encoding: US-ASCII
      string: ''
    headers:
      Accept:
      - application/json
      Authorization:
      - Basic ZDRjOTYwOTdjODY4YjU2NzIwMzU0NmU3MjIwZWNkMjM0MWYwMDhmMjk0M2FjZWRkYzUyMjMyMmQ6
      User-Agent:
      - Faraday v0.9.2
      Accept-Encoding:
      - gzip;q=1.0,deflate;q=0.6,identity;q=0.3
  response:
    status:
      code: 200
      message: OK
    headers:
      Content-Type:
      - application/json
      Date:
      - Fri, 06 May 2016 17:46:57 GMT
      Set-Cookie:
      - session=; Expires=Thu, 01-Jan-1970 00:00:00 GMT; Max-Age=0; Path=/
      Strict-Transport-Security:
      - max-age=31536000; includeSubDomains
      Vary:
      - Accept
      X-Frame-Options:
      - SAMEORIGIN
      Content-Length:
      - '662'
      Connection:
      - keep-alive
    body:
      encoding: ASCII-8BIT
      string: '{"has_more": false, "total_results": 1, "data": [{"tasks": [], "display_name":
        "TEST TEST", "addresses": [], "updated_by": "user_ABOHi4Y53EYGaL6y4ioR2VXABSEPGSQh2xoJHnaiEP9",
        "status_id": "stat_IAcdBqZZTAul6vK2srakLxAyd8Kem3ALHW6MBg12ntc", "date_updated":
        "2016-05-06T17:46:46.840000+00:00", "status_label": "Enrolled", "description":
        "Foo", "contacts": [{"name": "TEST TEST", "title": "", "date_updated": "2015-08-04T20:54:56.554000+00:00",
        "phones": [], "created_by": "user_ABOHi4Y53EYGaL6y4ioR2VXABSEPGSQh2xoJHnaiEP9",
        "id": "cont_FStz8S1Oe1diS12GwlUZM3kd9An7qfrPhTkQ3nyxvoH", "organization_id":
        "orga_IRlZ0dse4odbsGRQCuEZFhRQyFgzcNzvbpIXaeg74pE", "urls": [], "date_created":
        "2015-08-04T20:54:51.401000+00:00", "integration_links": [], "emails": [{"type":
        "office", "email": "example@example.com"}], "updated_by": "user_ABOHi4Y53EYGaL6y4ioR2VXABSEPGSQh2xoJHnaiEP9"}],
        "html_url": "https://app.close.io/lead/lead_4LhIfianLPowbWVnZgOBHQ8Flgm26Wu6YsssnTkKg26/",
        "created_by": "user_ABOHi4Y53EYGaL6y4ioR2VXABSEPGSQh2xoJHnaiEP9", "custom":
        {"Amount paid": 1, "Payment plan": "Standard Plan - $150 then $850"}, "organization_id":
        "orga_IRlZ0dse4odbsGRQCuEZFhRQyFgzcNzvbpIXaeg74pE", "url": null, "date_created":
        "2015-08-04T20:54:51.404000+00:00", "opportunities": [], "created_by_name":
        "Michael Kaiser-Nyman", "integration_links": [], "id": "lead_4LhIfianLPowbWVnZgOBHQ8Flgm26Wu6YsssnTkKg26",
        "updated_by_name": "Michael Kaiser-Nyman", "name": "TEST TEST"}]}'
    http_version: 
  recorded_at: Fri, 06 May 2016 17:46:57 GMT
- request:
    method: get
    uri: https://app.close.io/api/v1/lead/?query=email:example@example.com
    body:
      encoding: US-ASCII
      string: ''
    headers:
      Accept:
      - application/json
      Authorization:
      - Basic ZDRjOTYwOTdjODY4YjU2NzIwMzU0NmU3MjIwZWNkMjM0MWYwMDhmMjk0M2FjZWRkYzUyMjMyMmQ6
      User-Agent:
      - Faraday v0.9.2
      Accept-Encoding:
      - gzip;q=1.0,deflate;q=0.6,identity;q=0.3
  response:
    status:
      code: 200
      message: OK
    headers:
      Content-Type:
      - application/json
      Date:
      - Fri, 06 May 2016 17:46:57 GMT
      Set-Cookie:
      - session=; Expires=Thu, 01-Jan-1970 00:00:00 GMT; Max-Age=0; Path=/
      Strict-Transport-Security:
      - max-age=31536000; includeSubDomains
      Vary:
      - Accept
      X-Frame-Options:
      - SAMEORIGIN
      Content-Length:
      - '662'
      Connection:
      - keep-alive
    body:
      encoding: ASCII-8BIT
      string: '{"has_more": false, "total_results": 1, "data": [{"tasks": [], "display_name":
        "TEST TEST", "addresses": [], "updated_by": "user_ABOHi4Y53EYGaL6y4ioR2VXABSEPGSQh2xoJHnaiEP9",
        "status_id": "stat_IAcdBqZZTAul6vK2srakLxAyd8Kem3ALHW6MBg12ntc", "date_updated":
        "2016-05-06T17:46:46.840000+00:00", "status_label": "Enrolled", "description":
        "Foo", "contacts": [{"name": "TEST TEST", "title": "", "date_updated": "2015-08-04T20:54:56.554000+00:00",
        "phones": [], "created_by": "user_ABOHi4Y53EYGaL6y4ioR2VXABSEPGSQh2xoJHnaiEP9",
        "id": "cont_FStz8S1Oe1diS12GwlUZM3kd9An7qfrPhTkQ3nyxvoH", "organization_id":
        "orga_IRlZ0dse4odbsGRQCuEZFhRQyFgzcNzvbpIXaeg74pE", "urls": [], "date_created":
        "2015-08-04T20:54:51.401000+00:00", "integration_links": [], "emails": [{"type":
        "office", "email": "example@example.com"}], "updated_by": "user_ABOHi4Y53EYGaL6y4ioR2VXABSEPGSQh2xoJHnaiEP9"}],
        "html_url": "https://app.close.io/lead/lead_4LhIfianLPowbWVnZgOBHQ8Flgm26Wu6YsssnTkKg26/",
        "created_by": "user_ABOHi4Y53EYGaL6y4ioR2VXABSEPGSQh2xoJHnaiEP9", "custom":
        {"Amount paid": 1, "Payment plan": "Standard Plan - $150 then $850"}, "organization_id":
        "orga_IRlZ0dse4odbsGRQCuEZFhRQyFgzcNzvbpIXaeg74pE", "url": null, "date_created":
        "2015-08-04T20:54:51.404000+00:00", "opportunities": [], "created_by_name":
        "Michael Kaiser-Nyman", "integration_links": [], "id": "lead_4LhIfianLPowbWVnZgOBHQ8Flgm26Wu6YsssnTkKg26",
        "updated_by_name": "Michael Kaiser-Nyman", "name": "TEST TEST"}]}'
    http_version: 
  recorded_at: Fri, 06 May 2016 17:46:57 GMT
- request:
    method: get
    uri: https://app.close.io/api/v1/lead/?query=email:example@example.com
    body:
      encoding: US-ASCII
      string: ''
    headers:
      Accept:
      - application/json
      Authorization:
      - Basic ZDRjOTYwOTdjODY4YjU2NzIwMzU0NmU3MjIwZWNkMjM0MWYwMDhmMjk0M2FjZWRkYzUyMjMyMmQ6
      User-Agent:
      - Faraday v0.9.2
      Accept-Encoding:
      - gzip;q=1.0,deflate;q=0.6,identity;q=0.3
  response:
    status:
      code: 200
      message: OK
    headers:
      Content-Type:
      - application/json
      Date:
      - Fri, 06 May 2016 17:46:57 GMT
      Set-Cookie:
      - session=; Expires=Thu, 01-Jan-1970 00:00:00 GMT; Max-Age=0; Path=/
      Strict-Transport-Security:
      - max-age=31536000; includeSubDomains
      Vary:
      - Accept
      X-Frame-Options:
      - SAMEORIGIN
      Content-Length:
      - '662'
      Connection:
      - keep-alive
    body:
      encoding: ASCII-8BIT
      string: '{"has_more": false, "total_results": 1, "data": [{"tasks": [], "display_name":
        "TEST TEST", "addresses": [], "updated_by": "user_ABOHi4Y53EYGaL6y4ioR2VXABSEPGSQh2xoJHnaiEP9",
        "status_id": "stat_IAcdBqZZTAul6vK2srakLxAyd8Kem3ALHW6MBg12ntc", "date_updated":
        "2016-05-06T17:46:46.840000+00:00", "status_label": "Enrolled", "description":
        "Foo", "contacts": [{"name": "TEST TEST", "title": "", "date_updated": "2015-08-04T20:54:56.554000+00:00",
        "phones": [], "created_by": "user_ABOHi4Y53EYGaL6y4ioR2VXABSEPGSQh2xoJHnaiEP9",
        "id": "cont_FStz8S1Oe1diS12GwlUZM3kd9An7qfrPhTkQ3nyxvoH", "organization_id":
        "orga_IRlZ0dse4odbsGRQCuEZFhRQyFgzcNzvbpIXaeg74pE", "urls": [], "date_created":
        "2015-08-04T20:54:51.401000+00:00", "integration_links": [], "emails": [{"type":
        "office", "email": "example@example.com"}], "updated_by": "user_ABOHi4Y53EYGaL6y4ioR2VXABSEPGSQh2xoJHnaiEP9"}],
        "html_url": "https://app.close.io/lead/lead_4LhIfianLPowbWVnZgOBHQ8Flgm26Wu6YsssnTkKg26/",
        "created_by": "user_ABOHi4Y53EYGaL6y4ioR2VXABSEPGSQh2xoJHnaiEP9", "custom":
        {"Amount paid": 1, "Payment plan": "Standard Plan - $150 then $850"}, "organization_id":
        "orga_IRlZ0dse4odbsGRQCuEZFhRQyFgzcNzvbpIXaeg74pE", "url": null, "date_created":
        "2015-08-04T20:54:51.404000+00:00", "opportunities": [], "created_by_name":
        "Michael Kaiser-Nyman", "integration_links": [], "id": "lead_4LhIfianLPowbWVnZgOBHQ8Flgm26Wu6YsssnTkKg26",
        "updated_by_name": "Michael Kaiser-Nyman", "name": "TEST TEST"}]}'
    http_version: 
  recorded_at: Fri, 06 May 2016 17:46:57 GMT
- request:
    method: put
    uri: https://app.close.io/api/v1/lead/lead_4LhIfianLPowbWVnZgOBHQ8Flgm26Wu6YsssnTkKg26/
    body:
      encoding: UTF-8
      string: '{"status":"Enrolled","custom.Amount paid":1}'
    headers:
      Accept:
      - application/json
      Authorization:
      - Basic ZDRjOTYwOTdjODY4YjU2NzIwMzU0NmU3MjIwZWNkMjM0MWYwMDhmMjk0M2FjZWRkYzUyMjMyMmQ6
      User-Agent:
      - Faraday v0.9.2
      Content-Type:
      - application/json
      Accept-Encoding:
      - gzip;q=1.0,deflate;q=0.6,identity;q=0.3
  response:
    status:
      code: 200
      message: OK
    headers:
      Content-Type:
      - application/json
      Date:
      - Fri, 06 May 2016 17:46:57 GMT
      Set-Cookie:
      - session=; Expires=Thu, 01-Jan-1970 00:00:00 GMT; Max-Age=0; Path=/
      Strict-Transport-Security:
      - max-age=31536000; includeSubDomains
      Vary:
      - Accept
      X-Frame-Options:
      - SAMEORIGIN
      Content-Length:
      - '634'
      Connection:
      - keep-alive
    body:
      encoding: ASCII-8BIT
      string: '{"tasks": [], "display_name": "TEST TEST", "addresses": [], "name":
        "TEST TEST", "status_id": "stat_IAcdBqZZTAul6vK2srakLxAyd8Kem3ALHW6MBg12ntc",
        "date_updated": "2016-05-06T17:46:46.840000+00:00", "status_label": "Enrolled",
        "description": "Foo", "contacts": [{"name": "TEST TEST", "title": "", "date_updated":
        "2015-08-04T20:54:56.554000+00:00", "phones": [], "created_by": "user_ABOHi4Y53EYGaL6y4ioR2VXABSEPGSQh2xoJHnaiEP9",
        "id": "cont_FStz8S1Oe1diS12GwlUZM3kd9An7qfrPhTkQ3nyxvoH", "organization_id":
        "orga_IRlZ0dse4odbsGRQCuEZFhRQyFgzcNzvbpIXaeg74pE", "urls": [], "date_created":
        "2015-08-04T20:54:51.401000+00:00", "integration_links": [], "emails": [{"type":
        "office", "email": "example@example.com"}], "updated_by": "user_ABOHi4Y53EYGaL6y4ioR2VXABSEPGSQh2xoJHnaiEP9"}],
        "html_url": "https://app.close.io/lead/lead_4LhIfianLPowbWVnZgOBHQ8Flgm26Wu6YsssnTkKg26/",
        "created_by": "user_ABOHi4Y53EYGaL6y4ioR2VXABSEPGSQh2xoJHnaiEP9", "custom":
        {"Amount paid": 1, "Payment plan": "Standard Plan - $150 then $850"}, "organization_id":
        "orga_IRlZ0dse4odbsGRQCuEZFhRQyFgzcNzvbpIXaeg74pE", "url": null, "opportunities":
        [], "integration_links": [], "created_by_name": "Michael Kaiser-Nyman", "date_created":
        "2015-08-04T20:54:51.404000+00:00", "id": "lead_4LhIfianLPowbWVnZgOBHQ8Flgm26Wu6YsssnTkKg26",
        "updated_by_name": "Michael Kaiser-Nyman", "updated_by": "user_ABOHi4Y53EYGaL6y4ioR2VXABSEPGSQh2xoJHnaiEP9"}'
    http_version: 
  recorded_at: Fri, 06 May 2016 17:46:57 GMT
- request:
    method: get
    uri: https://app.close.io/api/v1/lead/?query=email:example@example.com
    body:
      encoding: US-ASCII
      string: ''
    headers:
      Accept:
      - application/json
      User-Agent:
      - closeio-ruby-gem/v2.6.4
      Authorization:
      - Basic ZDRjOTYwOTdjODY4YjU2NzIwMzU0NmU3MjIwZWNkMjM0MWYwMDhmMjk0M2FjZWRkYzUyMjMyMmQ6
      Accept-Encoding:
      - gzip;q=1.0,deflate;q=0.6,identity;q=0.3
  response:
    status:
      code: 200
      message: OK
    headers:
      Content-Type:
      - application/json
      Date:
      - Wed, 29 Mar 2017 22:01:29 GMT
      Set-Cookie:
      - session=; Expires=Thu, 01-Jan-1970 00:00:00 GMT; Max-Age=0; Path=/
      Strict-Transport-Security:
      - max-age=31536000; includeSubDomains
      Vary:
      - Accept
      X-Frame-Options:
      - SAMEORIGIN
      X-Rate-Limit-Limit:
      - '600'
      X-Rate-Limit-Remaining:
      - '598'
      X-Rate-Limit-Reset:
      - '14'
      Content-Length:
      - '1388'
      Connection:
      - keep-alive
    body:
      encoding: ASCII-8BIT
      string: '{"has_more": false, "total_results": 1, "data": [{"tasks": [], "addresses":
        [], "date_updated": "2017-03-29T22:01:24.139000+00:00", "created_by_name":
        "Michael Kaiser-Nyman", "opportunities": [], "custom.lcf_sXaSO35CeYV0CSLrlxo4s1zKUCIQxAuynB7YsLlt7M8":
        0, "id": "lead_4LhIfianLPowbWVnZgOBHQ8Flgm26Wu6YsssnTkKg26", "description":
        "Used in Epicenter automated tests. Do not delete.", "display_name": "TEST
        TEST", "contacts": [{"name": "TEST TEST", "title": "", "date_updated": "2017-03-17T22:22:18.314000+00:00",
        "phones": [], "created_by": "user_ABOHi4Y53EYGaL6y4ioR2VXABSEPGSQh2xoJHnaiEP9",
        "id": "cont_FStz8S1Oe1diS12GwlUZM3kd9An7qfrPhTkQ3nyxvoH", "organization_id":
        "orga_IRlZ0dse4odbsGRQCuEZFhRQyFgzcNzvbpIXaeg74pE", "urls": [], "date_created":
        "2015-08-04T20:54:51.401000+00:00", "integration_links": [], "emails": [{"type":
        "office", "email": "example@example.com"}, {"type": "office", "email": "second-email@example.com"}],
        "updated_by": "user_ABOHi4Y53EYGaL6y4ioR2VXABSEPGSQh2xoJHnaiEP9"}], "custom.lcf_B410rIUtklIKHiSrxnQDvocLUp9D3gpuFGxP49Vgtl8":
        "Standard Plan - $150 then $850", "created_by": "user_ABOHi4Y53EYGaL6y4ioR2VXABSEPGSQh2xoJHnaiEP9",
        "custom": {"Amount paid": 0, "Gender": "Female, Non-binary", "Age": 25, "Previous
        job": "test job", "Campus": "Portland", "Race": "Other", "veteran": "No",
        "Payment plan": "Standard Plan - $150 then $850", "Previous salary": 10000,
        "Education": "High school diploma or equivalent", "Class": "* Placement Test"},
        "updated_by_name": "Michael Kaiser-Nyman", "custom.lcf_Ms6HpCRZiHpNs0Q6P98bkTEpFDlOpqg7jCSq4nskMXc":
        25, "custom.lcf_XLoOAQHg31yBv5xVBJDHnRpQVK7o3oIUy5ng50clwy6": "Other", "custom.lcf_szuq9CwVhfFYVhdqoTO8VE0nWhbWq5G2eBDRrJXTvan":
        "Female, Non-binary", "custom.lcf_b6edXV72xgsfp5Dw5qS5fQHihwEb8F4jgmWk6iSTZAD":
        "test job", "updated_by": "user_ABOHi4Y53EYGaL6y4ioR2VXABSEPGSQh2xoJHnaiEP9",
        "status_id": "stat_YyLMZ87A0CRjpfrjQphQMu1Eotz0u9oXl6AWZboR13G", "custom.lcf_cLOVwwxk5KM718I4LJ4zwYpemYH4ULYL1n8qcHrio78":
        "Portland", "html_url": "https://app.close.io/lead/lead_4LhIfianLPowbWVnZgOBHQ8Flgm26Wu6YsssnTkKg26/",
        "organization_id": "orga_IRlZ0dse4odbsGRQCuEZFhRQyFgzcNzvbpIXaeg74pE", "custom.lcf_38CfDp4LfSEAuLykjw8kZbQH5ZJwQSbUr95i5vCuADY":
        "High school diploma or equivalent", "integration_links": [{"url": "https://epicenter.epicodus.com/students?utf8=%E2%9C%93&search=TEST%20TEST&button=",
        "name": "Epicenter Link"}], "custom.lcf_Gm7m9WYKo5s8r8hOllbu1FHZEcHFLYjckMecIFdeg0a":
        "* Placement Test", "name": "TEST TEST", "url": null, "status_label": "Outreach
        Respondent", "date_created": "2015-08-04T20:54:51.404000+00:00", "custom.lcf_7C6poq2WtkRq6t9136FwaHjahQmWkb7qgOnlwiFc8Fd":
        "No", "custom.lcf_TjagC1kMBfOiYbULzdgdIelJmMd3wXPyCU2VN6KOyLu": 10000}]}'
    http_version: 
  recorded_at: Wed, 29 Mar 2017 22:01:29 GMT
recorded_with: VCR 3.0.3
