---
http_interactions:
- request:
    method: post
    uri: https://api.stripe.com/v1/customers
    body:
      encoding: UTF-8
      string: email=example%40example.com
    headers:
      Accept:
      - "*/*"
      Accept-Encoding:
      - gzip, deflate
      User-Agent:
      - Stripe/v1 RubyBindings/1.58.0
      Authorization:
      - Bearer <STRIPE_API_KEY>
      Content-Type:
      - application/x-www-form-urlencoded
      Stripe-Version:
      - '2016-02-03'
      X-Stripe-Client-User-Agent:
      - '{"bindings_version":"1.58.0","lang":"ruby","lang_version":"2.4.1 p111 (2017-03-22)","platform":"x86_64-darwin15","engine":"ruby","publisher":"stripe","uname":"Darwin
        server-pdx 15.6.0 Darwin Kernel Version 15.6.0: Mon Nov 13 21:58:35 PST 2017;
        root:xnu-3248.72.11~1/RELEASE_X86_64 x86_64","hostname":"server-pdx"}'
      Content-Length:
      - '27'
      Host:
      - api.stripe.com
  response:
    status:
      code: 200
      message: OK
    headers:
      Server:
      - nginx
      Date:
      - Tue, 09 Jan 2018 02:03:09 GMT
      Content-Type:
      - application/json
      Content-Length:
      - '869'
      Connection:
      - keep-alive
      Access-Control-Allow-Credentials:
      - 'true'
      Access-Control-Allow-Methods:
      - GET, POST, HEAD, OPTIONS, DELETE
      Access-Control-Allow-Origin:
      - "*"
      Access-Control-Expose-Headers:
      - X-Stripe-Privileged-Session-Required,stripe-manage-version,X-Stripe-External-Auth-Required
      Access-Control-Max-Age:
      - '300'
      Cache-Control:
      - no-cache, no-store
      Request-Id:
      - req_8XbP8IGBi3oAFG
      Stripe-Version:
      - '2016-02-03'
      Strict-Transport-Security:
      - max-age=31556926; includeSubDomains; preload
    body:
      encoding: UTF-8
      string: |
        {
          "id": "cus_C6PG8FesNMPK5j",
          "object": "customer",
          "account_balance": 0,
          "bank_accounts": {
            "object": "list",
            "data": [],
            "has_more": false,
            "total_count": 0,
            "url": "/v1/customers/cus_C6PG8FesNMPK5j/bank_accounts"
          },
          "created": 1515463389,
          "currency": null,
          "default_bank_account": null,
          "default_source": null,
          "delinquent": false,
          "description": null,
          "discount": null,
          "email": "example@example.com",
          "livemode": false,
          "metadata": {},
          "shipping": null,
          "sources": {
            "object": "list",
            "data": [],
            "has_more": false,
            "total_count": 0,
            "url": "/v1/customers/cus_C6PG8FesNMPK5j/sources"
          },
          "subscriptions": {
            "object": "list",
            "data": [],
            "has_more": false,
            "total_count": 0,
            "url": "/v1/customers/cus_C6PG8FesNMPK5j/subscriptions"
          },
          "default_source_type": null
        }
    http_version: 
  recorded_at: Tue, 09 Jan 2018 02:03:09 GMT
- request:
    method: post
    uri: https://api.stripe.com/v1/customers/cus_C6PG8FesNMPK5j/sources
    body:
      encoding: UTF-8
      string: source[object]=card&source[number]=4242424242424242&source[exp_month]=12&source[exp_year]=2020&source[cvc]=123
    headers:
      Accept:
      - "*/*"
      Accept-Encoding:
      - gzip, deflate
      User-Agent:
      - Stripe/v1 RubyBindings/1.58.0
      Authorization:
      - Bearer <STRIPE_API_KEY>
      Content-Type:
      - application/x-www-form-urlencoded
      Stripe-Version:
      - '2016-02-03'
      X-Stripe-Client-User-Agent:
      - '{"bindings_version":"1.58.0","lang":"ruby","lang_version":"2.4.1 p111 (2017-03-22)","platform":"x86_64-darwin15","engine":"ruby","publisher":"stripe","uname":"Darwin
        server-pdx 15.6.0 Darwin Kernel Version 15.6.0: Mon Nov 13 21:58:35 PST 2017;
        root:xnu-3248.72.11~1/RELEASE_X86_64 x86_64","hostname":"server-pdx"}'
      Content-Length:
      - '110'
      Host:
      - api.stripe.com
  response:
    status:
      code: 200
      message: OK
    headers:
      Server:
      - nginx
      Date:
      - Tue, 09 Jan 2018 02:03:10 GMT
      Content-Type:
      - application/json
      Content-Length:
      - '568'
      Connection:
      - keep-alive
      Access-Control-Allow-Credentials:
      - 'true'
      Access-Control-Allow-Methods:
      - GET, POST, HEAD, OPTIONS, DELETE
      Access-Control-Allow-Origin:
      - "*"
      Access-Control-Expose-Headers:
      - X-Stripe-Privileged-Session-Required,stripe-manage-version,X-Stripe-External-Auth-Required
      Access-Control-Max-Age:
      - '300'
      Cache-Control:
      - no-cache, no-store
      Request-Id:
      - req_QbTG5HuGDwqKfO
      Stripe-Version:
      - '2016-02-03'
      Strict-Transport-Security:
      - max-age=31556926; includeSubDomains; preload
    body:
      encoding: UTF-8
      string: |
        {
          "id": "card_C6PGt1rG7LylYc",
          "object": "card",
          "address_city": null,
          "address_country": null,
          "address_line1": null,
          "address_line1_check": null,
          "address_line2": null,
          "address_state": null,
          "address_zip": null,
          "address_zip_check": null,
          "brand": "Visa",
          "country": "US",
          "customer": "cus_C6PG8FesNMPK5j",
          "cvc_check": "pass",
          "dynamic_last4": null,
          "exp_month": 12,
          "exp_year": 2020,
          "fingerprint": "B5I5Hkz6r7cWlvfb",
          "funding": "credit",
          "last4": "4242",
          "metadata": {},
          "name": null,
          "tokenization_method": null
        }
    http_version: 
  recorded_at: Tue, 09 Jan 2018 02:03:10 GMT
- request:
    method: get
    uri: https://api.stripe.com/v1/customers/cus_C6PG8FesNMPK5j
    body:
      encoding: US-ASCII
      string: ''
    headers:
      Accept:
      - "*/*"
      Accept-Encoding:
      - gzip, deflate
      User-Agent:
      - Stripe/v1 RubyBindings/1.58.0
      Authorization:
      - Bearer <STRIPE_API_KEY>
      Content-Type:
      - application/x-www-form-urlencoded
      Stripe-Version:
      - '2016-02-03'
      X-Stripe-Client-User-Agent:
      - '{"bindings_version":"1.58.0","lang":"ruby","lang_version":"2.4.1 p111 (2017-03-22)","platform":"x86_64-darwin15","engine":"ruby","publisher":"stripe","uname":"Darwin
        server-pdx 15.6.0 Darwin Kernel Version 15.6.0: Mon Nov 13 21:58:35 PST 2017;
        root:xnu-3248.72.11~1/RELEASE_X86_64 x86_64","hostname":"server-pdx"}'
      Host:
      - api.stripe.com
  response:
    status:
      code: 200
      message: OK
    headers:
      Server:
      - nginx
      Date:
      - Tue, 09 Jan 2018 02:03:10 GMT
      Content-Type:
      - application/json
      Content-Length:
      - '1611'
      Connection:
      - keep-alive
      Access-Control-Allow-Credentials:
      - 'true'
      Access-Control-Allow-Methods:
      - GET, POST, HEAD, OPTIONS, DELETE
      Access-Control-Allow-Origin:
      - "*"
      Access-Control-Expose-Headers:
      - X-Stripe-Privileged-Session-Required,stripe-manage-version,X-Stripe-External-Auth-Required
      Access-Control-Max-Age:
      - '300'
      Cache-Control:
      - no-cache, no-store
      Request-Id:
      - req_1Dt8Xu1AJucGgY
      Stripe-Version:
      - '2016-02-03'
      Strict-Transport-Security:
      - max-age=31556926; includeSubDomains; preload
    body:
      encoding: UTF-8
      string: |
        {
          "id": "cus_C6PG8FesNMPK5j",
          "object": "customer",
          "account_balance": 0,
          "bank_accounts": {
            "object": "list",
            "data": [],
            "has_more": false,
            "total_count": 0,
            "url": "/v1/customers/cus_C6PG8FesNMPK5j/bank_accounts"
          },
          "created": 1515463389,
          "currency": null,
          "default_bank_account": null,
          "default_source": "card_C6PGt1rG7LylYc",
          "delinquent": false,
          "description": null,
          "discount": null,
          "email": "example@example.com",
          "livemode": false,
          "metadata": {},
          "shipping": null,
          "sources": {
            "object": "list",
            "data": [
              {
                "id": "card_C6PGt1rG7LylYc",
                "object": "card",
                "address_city": null,
                "address_country": null,
                "address_line1": null,
                "address_line1_check": null,
                "address_line2": null,
                "address_state": null,
                "address_zip": null,
                "address_zip_check": null,
                "brand": "Visa",
                "country": "US",
                "customer": "cus_C6PG8FesNMPK5j",
                "cvc_check": "pass",
                "dynamic_last4": null,
                "exp_month": 12,
                "exp_year": 2020,
                "fingerprint": "B5I5Hkz6r7cWlvfb",
                "funding": "credit",
                "last4": "4242",
                "metadata": {},
                "name": null,
                "tokenization_method": null
              }
            ],
            "has_more": false,
            "total_count": 1,
            "url": "/v1/customers/cus_C6PG8FesNMPK5j/sources"
          },
          "subscriptions": {
            "object": "list",
            "data": [],
            "has_more": false,
            "total_count": 0,
            "url": "/v1/customers/cus_C6PG8FesNMPK5j/subscriptions"
          },
          "default_source_type": "card"
        }
    http_version: 
  recorded_at: Tue, 09 Jan 2018 02:03:10 GMT
- request:
    method: get
    uri: https://api.stripe.com/v1/customers/cus_C6PG8FesNMPK5j/sources/card_C6PGt1rG7LylYc
    body:
      encoding: US-ASCII
      string: ''
    headers:
      Accept:
      - "*/*"
      Accept-Encoding:
      - gzip, deflate
      User-Agent:
      - Stripe/v1 RubyBindings/1.58.0
      Authorization:
      - Bearer <STRIPE_API_KEY>
      Content-Type:
      - application/x-www-form-urlencoded
      Stripe-Version:
      - '2016-02-03'
      X-Stripe-Client-User-Agent:
      - '{"bindings_version":"1.58.0","lang":"ruby","lang_version":"2.4.1 p111 (2017-03-22)","platform":"x86_64-darwin15","engine":"ruby","publisher":"stripe","uname":"Darwin
        server-pdx 15.6.0 Darwin Kernel Version 15.6.0: Mon Nov 13 21:58:35 PST 2017;
        root:xnu-3248.72.11~1/RELEASE_X86_64 x86_64","hostname":"server-pdx"}'
      Host:
      - api.stripe.com
  response:
    status:
      code: 200
      message: OK
    headers:
      Server:
      - nginx
      Date:
      - Tue, 09 Jan 2018 02:03:10 GMT
      Content-Type:
      - application/json
      Content-Length:
      - '568'
      Connection:
      - keep-alive
      Access-Control-Allow-Credentials:
      - 'true'
      Access-Control-Allow-Methods:
      - GET, POST, HEAD, OPTIONS, DELETE
      Access-Control-Allow-Origin:
      - "*"
      Access-Control-Expose-Headers:
      - X-Stripe-Privileged-Session-Required,stripe-manage-version,X-Stripe-External-Auth-Required
      Access-Control-Max-Age:
      - '300'
      Cache-Control:
      - no-cache, no-store
      Request-Id:
      - req_tD2wvWqYMc7kM2
      Stripe-Version:
      - '2016-02-03'
      Strict-Transport-Security:
      - max-age=31556926; includeSubDomains; preload
    body:
      encoding: UTF-8
      string: |
        {
          "id": "card_C6PGt1rG7LylYc",
          "object": "card",
          "address_city": null,
          "address_country": null,
          "address_line1": null,
          "address_line1_check": null,
          "address_line2": null,
          "address_state": null,
          "address_zip": null,
          "address_zip_check": null,
          "brand": "Visa",
          "country": "US",
          "customer": "cus_C6PG8FesNMPK5j",
          "cvc_check": "pass",
          "dynamic_last4": null,
          "exp_month": 12,
          "exp_year": 2020,
          "fingerprint": "B5I5Hkz6r7cWlvfb",
          "funding": "credit",
          "last4": "4242",
          "metadata": {},
          "name": null,
          "tokenization_method": null
        }
    http_version: 
  recorded_at: Tue, 09 Jan 2018 02:03:10 GMT
- request:
    method: get
    uri: https://api.stripe.com/v1/customers/cus_C6PG8FesNMPK5j
    body:
      encoding: US-ASCII
      string: ''
    headers:
      Accept:
      - "*/*"
      Accept-Encoding:
      - gzip, deflate
      User-Agent:
      - Stripe/v1 RubyBindings/1.58.0
      Authorization:
      - Bearer <STRIPE_API_KEY>
      Content-Type:
      - application/x-www-form-urlencoded
      Stripe-Version:
      - '2016-02-03'
      X-Stripe-Client-User-Agent:
      - '{"bindings_version":"1.58.0","lang":"ruby","lang_version":"2.4.1 p111 (2017-03-22)","platform":"x86_64-darwin15","engine":"ruby","publisher":"stripe","uname":"Darwin
        server-pdx 15.6.0 Darwin Kernel Version 15.6.0: Mon Nov 13 21:58:35 PST 2017;
        root:xnu-3248.72.11~1/RELEASE_X86_64 x86_64","hostname":"server-pdx"}'
      Host:
      - api.stripe.com
  response:
    status:
      code: 200
      message: OK
    headers:
      Server:
      - nginx
      Date:
      - Tue, 09 Jan 2018 02:03:10 GMT
      Content-Type:
      - application/json
      Content-Length:
      - '1611'
      Connection:
      - keep-alive
      Access-Control-Allow-Credentials:
      - 'true'
      Access-Control-Allow-Methods:
      - GET, POST, HEAD, OPTIONS, DELETE
      Access-Control-Allow-Origin:
      - "*"
      Access-Control-Expose-Headers:
      - X-Stripe-Privileged-Session-Required,stripe-manage-version,X-Stripe-External-Auth-Required
      Access-Control-Max-Age:
      - '300'
      Cache-Control:
      - no-cache, no-store
      Request-Id:
      - req_OhQKxPG94389Co
      Stripe-Version:
      - '2016-02-03'
      Strict-Transport-Security:
      - max-age=31556926; includeSubDomains; preload
    body:
      encoding: UTF-8
      string: |
        {
          "id": "cus_C6PG8FesNMPK5j",
          "object": "customer",
          "account_balance": 0,
          "bank_accounts": {
            "object": "list",
            "data": [],
            "has_more": false,
            "total_count": 0,
            "url": "/v1/customers/cus_C6PG8FesNMPK5j/bank_accounts"
          },
          "created": 1515463389,
          "currency": null,
          "default_bank_account": null,
          "default_source": "card_C6PGt1rG7LylYc",
          "delinquent": false,
          "description": null,
          "discount": null,
          "email": "example@example.com",
          "livemode": false,
          "metadata": {},
          "shipping": null,
          "sources": {
            "object": "list",
            "data": [
              {
                "id": "card_C6PGt1rG7LylYc",
                "object": "card",
                "address_city": null,
                "address_country": null,
                "address_line1": null,
                "address_line1_check": null,
                "address_line2": null,
                "address_state": null,
                "address_zip": null,
                "address_zip_check": null,
                "brand": "Visa",
                "country": "US",
                "customer": "cus_C6PG8FesNMPK5j",
                "cvc_check": "pass",
                "dynamic_last4": null,
                "exp_month": 12,
                "exp_year": 2020,
                "fingerprint": "B5I5Hkz6r7cWlvfb",
                "funding": "credit",
                "last4": "4242",
                "metadata": {},
                "name": null,
                "tokenization_method": null
              }
            ],
            "has_more": false,
            "total_count": 1,
            "url": "/v1/customers/cus_C6PG8FesNMPK5j/sources"
          },
          "subscriptions": {
            "object": "list",
            "data": [],
            "has_more": false,
            "total_count": 0,
            "url": "/v1/customers/cus_C6PG8FesNMPK5j/subscriptions"
          },
          "default_source_type": "card"
        }
    http_version: 
  recorded_at: Tue, 09 Jan 2018 02:03:10 GMT
- request:
    method: post
    uri: https://api.stripe.com/v1/charges
    body:
      encoding: UTF-8
      string: amount=61821&currency=usd&customer=cus_C6PG8FesNMPK5j&source=card_C6PGt1rG7LylYc&description=Philadelphia%3B+2018-01-08%3B+Full-time%3B+upfront%3B+example%40example.com
    headers:
      Accept:
      - "*/*"
      Accept-Encoding:
      - gzip, deflate
      User-Agent:
      - Stripe/v1 RubyBindings/1.58.0
      Authorization:
      - Bearer <STRIPE_API_KEY>
      Content-Type:
      - application/x-www-form-urlencoded
      Stripe-Version:
      - '2016-02-03'
      X-Stripe-Client-User-Agent:
      - '{"bindings_version":"1.58.0","lang":"ruby","lang_version":"2.4.1 p111 (2017-03-22)","platform":"x86_64-darwin15","engine":"ruby","publisher":"stripe","uname":"Darwin
        server-pdx 15.6.0 Darwin Kernel Version 15.6.0: Mon Nov 13 21:58:35 PST 2017;
        root:xnu-3248.72.11~1/RELEASE_X86_64 x86_64","hostname":"server-pdx"}'
      Content-Length:
      - '168'
      Host:
      - api.stripe.com
  response:
    status:
      code: 200
      message: OK
    headers:
      Server:
      - nginx
      Date:
      - Tue, 09 Jan 2018 02:03:11 GMT
      Content-Type:
      - application/json
      Content-Length:
      - '1769'
      Connection:
      - keep-alive
      Access-Control-Allow-Credentials:
      - 'true'
      Access-Control-Allow-Methods:
      - GET, POST, HEAD, OPTIONS, DELETE
      Access-Control-Allow-Origin:
      - "*"
      Access-Control-Expose-Headers:
      - X-Stripe-Privileged-Session-Required,stripe-manage-version,X-Stripe-External-Auth-Required
      Access-Control-Max-Age:
      - '300'
      Cache-Control:
      - no-cache, no-store
      Request-Id:
      - req_zBUEYhSsG3qaGe
      Stripe-Version:
      - '2016-02-03'
      Strict-Transport-Security:
      - max-age=31556926; includeSubDomains; preload
    body:
      encoding: UTF-8
      string: |
        {
          "id": "ch_C6PGUgcMVpWYte",
          "object": "charge",
          "amount": 61821,
          "amount_refunded": 0,
          "application": null,
          "application_fee": null,
          "balance_transaction": "txn_C6PGCdDwrgh8uS",
          "captured": true,
          "created": 1515463390,
          "currency": "usd",
          "customer": "cus_C6PG8FesNMPK5j",
          "description": "Philadelphia; 2018-01-08; Full-time; upfront; example@example.com",
          "destination": null,
          "dispute": null,
          "failure_code": null,
          "failure_message": null,
          "fraud_details": {},
          "invoice": null,
          "livemode": false,
          "metadata": {},
          "on_behalf_of": null,
          "order": null,
          "outcome": {
            "network_status": "approved_by_network",
            "reason": null,
            "seller_message": "Payment complete.",
            "type": "authorized"
          },
          "paid": true,
          "receipt_email": null,
          "receipt_number": null,
          "refunded": false,
          "refunds": {
            "object": "list",
            "data": [],
            "has_more": false,
            "total_count": 0,
            "url": "/v1/charges/ch_C6PGUgcMVpWYte/refunds"
          },
          "review": null,
          "shipping": null,
          "source": {
            "id": "card_C6PGt1rG7LylYc",
            "object": "card",
            "address_city": null,
            "address_country": null,
            "address_line1": null,
            "address_line1_check": null,
            "address_line2": null,
            "address_state": null,
            "address_zip": null,
            "address_zip_check": null,
            "brand": "Visa",
            "country": "US",
            "customer": "cus_C6PG8FesNMPK5j",
            "cvc_check": "pass",
            "dynamic_last4": null,
            "exp_month": 12,
            "exp_year": 2020,
            "fingerprint": "B5I5Hkz6r7cWlvfb",
            "funding": "credit",
            "last4": "4242",
            "metadata": {},
            "name": null,
            "tokenization_method": null
          },
          "source_transfer": null,
          "statement_descriptor": null,
          "status": "succeeded",
          "transfer_group": null
        }
    http_version: 
  recorded_at: Tue, 09 Jan 2018 02:03:11 GMT
- request:
    method: get
    uri: https://api.stripe.com/v1/balance/history/txn_C6PGCdDwrgh8uS
    body:
      encoding: US-ASCII
      string: ''
    headers:
      Accept:
      - "*/*"
      Accept-Encoding:
      - gzip, deflate
      User-Agent:
      - Stripe/v1 RubyBindings/1.58.0
      Authorization:
      - Bearer <STRIPE_API_KEY>
      Content-Type:
      - application/x-www-form-urlencoded
      Stripe-Version:
      - '2016-02-03'
      X-Stripe-Client-User-Agent:
      - '{"bindings_version":"1.58.0","lang":"ruby","lang_version":"2.4.1 p111 (2017-03-22)","platform":"x86_64-darwin15","engine":"ruby","publisher":"stripe","uname":"Darwin
        server-pdx 15.6.0 Darwin Kernel Version 15.6.0: Mon Nov 13 21:58:35 PST 2017;
        root:xnu-3248.72.11~1/RELEASE_X86_64 x86_64","hostname":"server-pdx"}'
      Host:
      - api.stripe.com
  response:
    status:
      code: 200
      message: OK
    headers:
      Server:
      - nginx
      Date:
      - Tue, 09 Jan 2018 02:03:11 GMT
      Content-Type:
      - application/json
      Content-Length:
      - '742'
      Connection:
      - keep-alive
      Access-Control-Allow-Credentials:
      - 'true'
      Access-Control-Allow-Methods:
      - GET, POST, HEAD, OPTIONS, DELETE
      Access-Control-Allow-Origin:
      - "*"
      Access-Control-Expose-Headers:
      - X-Stripe-Privileged-Session-Required,stripe-manage-version,X-Stripe-External-Auth-Required
      Access-Control-Max-Age:
      - '300'
      Cache-Control:
      - no-cache, no-store
      Request-Id:
      - req_zWoQaQRVbugRyO
      Stripe-Version:
      - '2016-02-03'
      Strict-Transport-Security:
      - max-age=31556926; includeSubDomains; preload
    body:
      encoding: UTF-8
      string: |
        {
          "id": "txn_C6PGCdDwrgh8uS",
          "object": "balance_transaction",
          "amount": 61821,
          "available_on": 1515628800,
          "created": 1515463390,
          "currency": "usd",
          "description": "Philadelphia; 2018-01-08; Full-time; upfront; example@example.com",
          "exchange_rate": null,
          "fee": 1823,
          "fee_details": [
            {
              "amount": 1823,
              "application": null,
              "currency": "usd",
              "description": "Stripe processing fees",
              "type": "stripe_fee"
            }
          ],
          "net": 59998,
          "source": "ch_C6PGUgcMVpWYte",
          "sourced_transfers": {
            "object": "list",
            "data": [],
            "has_more": false,
            "total_count": 0,
            "url": "/v1/transfers?source_transaction=ch_C6PGUgcMVpWYte"
          },
          "status": "pending",
          "type": "charge"
        }
    http_version: 
  recorded_at: Tue, 09 Jan 2018 02:03:11 GMT
- request:
    method: post
    uri: https://api.stripe.com/v1/refunds
    body:
      encoding: UTF-8
      string: charge=ch_C6PGUgcMVpWYte&amount=500
    headers:
      Accept:
      - "*/*"
      Accept-Encoding:
      - gzip, deflate
      User-Agent:
      - Stripe/v1 RubyBindings/1.58.0
      Authorization:
      - Bearer <STRIPE_API_KEY>
      Content-Type:
      - application/x-www-form-urlencoded
      Stripe-Version:
      - '2016-02-03'
      X-Stripe-Client-User-Agent:
      - '{"bindings_version":"1.58.0","lang":"ruby","lang_version":"2.4.1 p111 (2017-03-22)","platform":"x86_64-darwin15","engine":"ruby","publisher":"stripe","uname":"Darwin
        server-pdx 15.6.0 Darwin Kernel Version 15.6.0: Mon Nov 13 21:58:35 PST 2017;
        root:xnu-3248.72.11~1/RELEASE_X86_64 x86_64","hostname":"server-pdx"}'
      Content-Length:
      - '35'
      Host:
      - api.stripe.com
  response:
    status:
      code: 200
      message: OK
    headers:
      Server:
      - nginx
      Date:
      - Tue, 09 Jan 2018 02:03:12 GMT
      Content-Type:
      - application/json
      Content-Length:
      - '284'
      Connection:
      - keep-alive
      Access-Control-Allow-Credentials:
      - 'true'
      Access-Control-Allow-Methods:
      - GET, POST, HEAD, OPTIONS, DELETE
      Access-Control-Allow-Origin:
      - "*"
      Access-Control-Expose-Headers:
      - X-Stripe-Privileged-Session-Required,stripe-manage-version,X-Stripe-External-Auth-Required
      Access-Control-Max-Age:
      - '300'
      Cache-Control:
      - no-cache, no-store
      Request-Id:
      - req_sV4kikDT8BZP40
      Stripe-Version:
      - '2016-02-03'
      Strict-Transport-Security:
      - max-age=31556926; includeSubDomains; preload
    body:
      encoding: UTF-8
      string: |
        {
          "id": "re_C6PGLpLTXxxV0E",
          "object": "refund",
          "amount": 500,
          "balance_transaction": "txn_C6PGKsr716rmi6",
          "charge": "ch_C6PGUgcMVpWYte",
          "created": 1515463391,
          "currency": "usd",
          "metadata": {},
          "reason": null,
          "receipt_number": null,
          "status": "succeeded"
        }
    http_version: 
  recorded_at: Tue, 09 Jan 2018 02:03:12 GMT
recorded_with: VCR 4.0.0
